Cycle21 8475000ps-8525000ps
(->3585) testbench.chip.u_ibex_demo_system_u_top.gen_regfile_ff_register_file_i_g_rf_flops_1_rf_reg_q_reg_0_D (->1)
(->2103->3585) testbench.chip.u_ibex_demo_system_u_top.gen_regfile_ff_register_file_i_g_rf_flops_1_rf_reg_q_reg_2_D (->0->1)
(->2103) testbench.chip.u_ibex_demo_system_u_top.gen_regfile_ff_register_file_i_g_rf_flops_1_rf_reg_q_reg_3_D (->0)
(->3585) testbench.chip.u_ibex_demo_system_u_top.gen_regfile_ff_register_file_i_g_rf_flops_1_rf_reg_q_reg_4_D (->1)
(->2103) testbench.chip.u_ibex_demo_system_u_top.gen_regfile_ff_register_file_i_g_rf_flops_1_rf_reg_q_reg_5_D (->0)
(->2105) testbench.chip.u_ibex_demo_system_u_top.gen_regfile_ff_register_file_i_g_rf_flops_1_rf_reg_q_reg_6_D (->0)
(->2103->3585) testbench.chip.u_ibex_demo_system_u_top.gen_regfile_ff_register_file_i_g_rf_flops_1_rf_reg_q_reg_7_D (->0->1)
(->2910) testbench.chip.u_ibex_demo_system_u_top.gen_regfile_ff_register_file_i_g_rf_flops_1_rf_reg_q_reg_12_D (->1)
(->2909) testbench.chip.u_ibex_demo_system_u_top.gen_regfile_ff_register_file_i_g_rf_flops_1_rf_reg_q_reg_13_D (->1)
(->2909) testbench.chip.u_ibex_demo_system_u_top.gen_regfile_ff_register_file_i_g_rf_flops_1_rf_reg_q_reg_14_D (->1)
(->3568) testbench.chip.u_ibex_demo_system_u_top.gen_regfile_ff_register_file_i_g_rf_flops_1_rf_reg_q_reg_19_D (->1)
(->2079->3603) testbench.chip.u_ibex_demo_system_u_top.gen_regfile_ff_register_file_i_g_rf_flops_1_rf_reg_q_reg_20_D (->0->1)
(->3568) testbench.chip.u_ibex_demo_system_u_top.gen_regfile_ff_register_file_i_g_rf_flops_1_rf_reg_q_reg_24_D (->1)
(->3568) testbench.chip.u_ibex_demo_system_u_top.gen_regfile_ff_register_file_i_g_rf_flops_1_rf_reg_q_reg_26_D (->1)
(->3568) testbench.chip.u_ibex_demo_system_u_top.gen_regfile_ff_register_file_i_g_rf_flops_1_rf_reg_q_reg_27_D (->1)
(->3585) testbench.chip.u_ibex_demo_system_u_top.gen_regfile_ff_register_file_i_g_rf_flops_2_rf_reg_q_reg_0_D (->1)
(->2103->3585) testbench.chip.u_ibex_demo_system_u_top.gen_regfile_ff_register_file_i_g_rf_flops_2_rf_reg_q_reg_2_D (->0->1)
(->2103) testbench.chip.u_ibex_demo_system_u_top.gen_regfile_ff_register_file_i_g_rf_flops_2_rf_reg_q_reg_3_D (->0)
(->3585) testbench.chip.u_ibex_demo_system_u_top.gen_regfile_ff_register_file_i_g_rf_flops_2_rf_reg_q_reg_4_D (->1)
(->2103) testbench.chip.u_ibex_demo_system_u_top.gen_regfile_ff_register_file_i_g_rf_flops_2_rf_reg_q_reg_5_D (->0)
(->2105) testbench.chip.u_ibex_demo_system_u_top.gen_regfile_ff_register_file_i_g_rf_flops_2_rf_reg_q_reg_6_D (->0)
(->2103->3585) testbench.chip.u_ibex_demo_system_u_top.gen_regfile_ff_register_file_i_g_rf_flops_2_rf_reg_q_reg_7_D (->0->1)
(->2910) testbench.chip.u_ibex_demo_system_u_top.gen_regfile_ff_register_file_i_g_rf_flops_2_rf_reg_q_reg_12_D (->1)
(->2909) testbench.chip.u_ibex_demo_system_u_top.gen_regfile_ff_register_file_i_g_rf_flops_2_rf_reg_q_reg_13_D (->1)
(->2909) testbench.chip.u_ibex_demo_system_u_top.gen_regfile_ff_register_file_i_g_rf_flops_2_rf_reg_q_reg_14_D (->1)
(->3568) testbench.chip.u_ibex_demo_system_u_top.gen_regfile_ff_register_file_i_g_rf_flops_2_rf_reg_q_reg_19_D (->1)
(->2079->3603) testbench.chip.u_ibex_demo_system_u_top.gen_regfile_ff_register_file_i_g_rf_flops_2_rf_reg_q_reg_20_D (->0->1)
(->3568) testbench.chip.u_ibex_demo_system_u_top.gen_regfile_ff_register_file_i_g_rf_flops_2_rf_reg_q_reg_24_D (->1)
(->3568) testbench.chip.u_ibex_demo_system_u_top.gen_regfile_ff_register_file_i_g_rf_flops_2_rf_reg_q_reg_26_D (->1)
(->3568) testbench.chip.u_ibex_demo_system_u_top.gen_regfile_ff_register_file_i_g_rf_flops_2_rf_reg_q_reg_27_D (->1)
(->3585) testbench.chip.u_ibex_demo_system_u_top.gen_regfile_ff_register_file_i_g_rf_flops_3_rf_reg_q_reg_0_D (->1)
(->2103->3585) testbench.chip.u_ibex_demo_system_u_top.gen_regfile_ff_register_file_i_g_rf_flops_3_rf_reg_q_reg_2_D (->0->1)
(->2103) testbench.chip.u_ibex_demo_system_u_top.gen_regfile_ff_register_file_i_g_rf_flops_3_rf_reg_q_reg_3_D (->0)
(->3585) testbench.chip.u_ibex_demo_system_u_top.gen_regfile_ff_register_file_i_g_rf_flops_3_rf_reg_q_reg_4_D (->1)
(->2103) testbench.chip.u_ibex_demo_system_u_top.gen_regfile_ff_register_file_i_g_rf_flops_3_rf_reg_q_reg_5_D (->0)
(->2105) testbench.chip.u_ibex_demo_system_u_top.gen_regfile_ff_register_file_i_g_rf_flops_3_rf_reg_q_reg_6_D (->0)
(->2103->3585) testbench.chip.u_ibex_demo_system_u_top.gen_regfile_ff_register_file_i_g_rf_flops_3_rf_reg_q_reg_7_D (->0->1)
(->2910) testbench.chip.u_ibex_demo_system_u_top.gen_regfile_ff_register_file_i_g_rf_flops_3_rf_reg_q_reg_12_D (->1)
(->2909) testbench.chip.u_ibex_demo_system_u_top.gen_regfile_ff_register_file_i_g_rf_flops_3_rf_reg_q_reg_13_D (->1)
(->2909) testbench.chip.u_ibex_demo_system_u_top.gen_regfile_ff_register_file_i_g_rf_flops_3_rf_reg_q_reg_14_D (->1)
(->3568) testbench.chip.u_ibex_demo_system_u_top.gen_regfile_ff_register_file_i_g_rf_flops_3_rf_reg_q_reg_19_D (->1)
(->2079->3603) testbench.chip.u_ibex_demo_system_u_top.gen_regfile_ff_register_file_i_g_rf_flops_3_rf_reg_q_reg_20_D (->0->1)
(->3568) testbench.chip.u_ibex_demo_system_u_top.gen_regfile_ff_register_file_i_g_rf_flops_3_rf_reg_q_reg_24_D (->1)
(->3568) testbench.chip.u_ibex_demo_system_u_top.gen_regfile_ff_register_file_i_g_rf_flops_3_rf_reg_q_reg_26_D (->1)
(->3568) testbench.chip.u_ibex_demo_system_u_top.gen_regfile_ff_register_file_i_g_rf_flops_3_rf_reg_q_reg_27_D (->1)
(->3585) testbench.chip.u_ibex_demo_system_u_top.gen_regfile_ff_register_file_i_g_rf_flops_4_rf_reg_q_reg_0_D (->1)
(->2103->3585) testbench.chip.u_ibex_demo_system_u_top.gen_regfile_ff_register_file_i_g_rf_flops_4_rf_reg_q_reg_2_D (->0->1)
(->2103) testbench.chip.u_ibex_demo_system_u_top.gen_regfile_ff_register_file_i_g_rf_flops_4_rf_reg_q_reg_3_D (->0)
(->3585) testbench.chip.u_ibex_demo_system_u_top.gen_regfile_ff_register_file_i_g_rf_flops_4_rf_reg_q_reg_4_D (->1)
(->2103) testbench.chip.u_ibex_demo_system_u_top.gen_regfile_ff_register_file_i_g_rf_flops_4_rf_reg_q_reg_5_D (->0)
(->2105) testbench.chip.u_ibex_demo_system_u_top.gen_regfile_ff_register_file_i_g_rf_flops_4_rf_reg_q_reg_6_D (->0)
(->2103->3585) testbench.chip.u_ibex_demo_system_u_top.gen_regfile_ff_register_file_i_g_rf_flops_4_rf_reg_q_reg_7_D (->0->1)
(->2910) testbench.chip.u_ibex_demo_system_u_top.gen_regfile_ff_register_file_i_g_rf_flops_4_rf_reg_q_reg_12_D (->1)
(->2909) testbench.chip.u_ibex_demo_system_u_top.gen_regfile_ff_register_file_i_g_rf_flops_4_rf_reg_q_reg_13_D (->1)
(->2909) testbench.chip.u_ibex_demo_system_u_top.gen_regfile_ff_register_file_i_g_rf_flops_4_rf_reg_q_reg_14_D (->1)
(->3568) testbench.chip.u_ibex_demo_system_u_top.gen_regfile_ff_register_file_i_g_rf_flops_4_rf_reg_q_reg_19_D (->1)
(->2079->3603) testbench.chip.u_ibex_demo_system_u_top.gen_regfile_ff_register_file_i_g_rf_flops_4_rf_reg_q_reg_20_D (->0->1)
(->3568) testbench.chip.u_ibex_demo_system_u_top.gen_regfile_ff_register_file_i_g_rf_flops_4_rf_reg_q_reg_24_D (->1)
(->3568) testbench.chip.u_ibex_demo_system_u_top.gen_regfile_ff_register_file_i_g_rf_flops_4_rf_reg_q_reg_26_D (->1)
(->3568) testbench.chip.u_ibex_demo_system_u_top.gen_regfile_ff_register_file_i_g_rf_flops_4_rf_reg_q_reg_27_D (->1)
(->3585) testbench.chip.u_ibex_demo_system_u_top.gen_regfile_ff_register_file_i_g_rf_flops_5_rf_reg_q_reg_0_D (->1)
(->2103->3585) testbench.chip.u_ibex_demo_system_u_top.gen_regfile_ff_register_file_i_g_rf_flops_5_rf_reg_q_reg_2_D (->0->1)
(->2103) testbench.chip.u_ibex_demo_system_u_top.gen_regfile_ff_register_file_i_g_rf_flops_5_rf_reg_q_reg_3_D (->0)
(->3585) testbench.chip.u_ibex_demo_system_u_top.gen_regfile_ff_register_file_i_g_rf_flops_5_rf_reg_q_reg_4_D (->1)
(->2103) testbench.chip.u_ibex_demo_system_u_top.gen_regfile_ff_register_file_i_g_rf_flops_5_rf_reg_q_reg_5_D (->0)
(->2105) testbench.chip.u_ibex_demo_system_u_top.gen_regfile_ff_register_file_i_g_rf_flops_5_rf_reg_q_reg_6_D (->0)
(->2103->3585) testbench.chip.u_ibex_demo_system_u_top.gen_regfile_ff_register_file_i_g_rf_flops_5_rf_reg_q_reg_7_D (->0->1)
(->2910) testbench.chip.u_ibex_demo_system_u_top.gen_regfile_ff_register_file_i_g_rf_flops_5_rf_reg_q_reg_12_D (->1)
(->2909) testbench.chip.u_ibex_demo_system_u_top.gen_regfile_ff_register_file_i_g_rf_flops_5_rf_reg_q_reg_13_D (->1)
(->2909) testbench.chip.u_ibex_demo_system_u_top.gen_regfile_ff_register_file_i_g_rf_flops_5_rf_reg_q_reg_14_D (->1)
(->3568) testbench.chip.u_ibex_demo_system_u_top.gen_regfile_ff_register_file_i_g_rf_flops_5_rf_reg_q_reg_19_D (->1)
(->2079->3603) testbench.chip.u_ibex_demo_system_u_top.gen_regfile_ff_register_file_i_g_rf_flops_5_rf_reg_q_reg_20_D (->0->1)
(->3568) testbench.chip.u_ibex_demo_system_u_top.gen_regfile_ff_register_file_i_g_rf_flops_5_rf_reg_q_reg_24_D (->1)
(->3568) testbench.chip.u_ibex_demo_system_u_top.gen_regfile_ff_register_file_i_g_rf_flops_5_rf_reg_q_reg_26_D (->1)
(->3568) testbench.chip.u_ibex_demo_system_u_top.gen_regfile_ff_register_file_i_g_rf_flops_5_rf_reg_q_reg_27_D (->1)
(->3585) testbench.chip.u_ibex_demo_system_u_top.gen_regfile_ff_register_file_i_g_rf_flops_6_rf_reg_q_reg_0_D (->1)
(->2103->3585) testbench.chip.u_ibex_demo_system_u_top.gen_regfile_ff_register_file_i_g_rf_flops_6_rf_reg_q_reg_2_D (->0->1)
(->2103) testbench.chip.u_ibex_demo_system_u_top.gen_regfile_ff_register_file_i_g_rf_flops_6_rf_reg_q_reg_3_D (->0)
(->3585) testbench.chip.u_ibex_demo_system_u_top.gen_regfile_ff_register_file_i_g_rf_flops_6_rf_reg_q_reg_4_D (->1)
(->2103) testbench.chip.u_ibex_demo_system_u_top.gen_regfile_ff_register_file_i_g_rf_flops_6_rf_reg_q_reg_5_D (->0)
(->2105) testbench.chip.u_ibex_demo_system_u_top.gen_regfile_ff_register_file_i_g_rf_flops_6_rf_reg_q_reg_6_D (->0)
(->2103->3585) testbench.chip.u_ibex_demo_system_u_top.gen_regfile_ff_register_file_i_g_rf_flops_6_rf_reg_q_reg_7_D (->0->1)
(->2910) testbench.chip.u_ibex_demo_system_u_top.gen_regfile_ff_register_file_i_g_rf_flops_6_rf_reg_q_reg_12_D (->1)
(->2909) testbench.chip.u_ibex_demo_system_u_top.gen_regfile_ff_register_file_i_g_rf_flops_6_rf_reg_q_reg_13_D (->1)
(->2909) testbench.chip.u_ibex_demo_system_u_top.gen_regfile_ff_register_file_i_g_rf_flops_6_rf_reg_q_reg_14_D (->1)
(->3568) testbench.chip.u_ibex_demo_system_u_top.gen_regfile_ff_register_file_i_g_rf_flops_6_rf_reg_q_reg_19_D (->1)
(->2079->3603) testbench.chip.u_ibex_demo_system_u_top.gen_regfile_ff_register_file_i_g_rf_flops_6_rf_reg_q_reg_20_D (->0->1)
(->3568) testbench.chip.u_ibex_demo_system_u_top.gen_regfile_ff_register_file_i_g_rf_flops_6_rf_reg_q_reg_24_D (->1)
(->3568) testbench.chip.u_ibex_demo_system_u_top.gen_regfile_ff_register_file_i_g_rf_flops_6_rf_reg_q_reg_26_D (->1)
(->3568) testbench.chip.u_ibex_demo_system_u_top.gen_regfile_ff_register_file_i_g_rf_flops_6_rf_reg_q_reg_27_D (->1)
(->3585) testbench.chip.u_ibex_demo_system_u_top.gen_regfile_ff_register_file_i_g_rf_flops_7_rf_reg_q_reg_0_D (->1)
(->2103->3585) testbench.chip.u_ibex_demo_system_u_top.gen_regfile_ff_register_file_i_g_rf_flops_7_rf_reg_q_reg_2_D (->0->1)
(->2103) testbench.chip.u_ibex_demo_system_u_top.gen_regfile_ff_register_file_i_g_rf_flops_7_rf_reg_q_reg_3_D (->0)
(->3585) testbench.chip.u_ibex_demo_system_u_top.gen_regfile_ff_register_file_i_g_rf_flops_7_rf_reg_q_reg_4_D (->1)
(->2103) testbench.chip.u_ibex_demo_system_u_top.gen_regfile_ff_register_file_i_g_rf_flops_7_rf_reg_q_reg_5_D (->0)
(->2105) testbench.chip.u_ibex_demo_system_u_top.gen_regfile_ff_register_file_i_g_rf_flops_7_rf_reg_q_reg_6_D (->0)
(->2103->3585) testbench.chip.u_ibex_demo_system_u_top.gen_regfile_ff_register_file_i_g_rf_flops_7_rf_reg_q_reg_7_D (->0->1)
(->2910) testbench.chip.u_ibex_demo_system_u_top.gen_regfile_ff_register_file_i_g_rf_flops_7_rf_reg_q_reg_12_D (->1)
(->2909) testbench.chip.u_ibex_demo_system_u_top.gen_regfile_ff_register_file_i_g_rf_flops_7_rf_reg_q_reg_13_D (->1)
(->2909) testbench.chip.u_ibex_demo_system_u_top.gen_regfile_ff_register_file_i_g_rf_flops_7_rf_reg_q_reg_14_D (->1)
(->3568) testbench.chip.u_ibex_demo_system_u_top.gen_regfile_ff_register_file_i_g_rf_flops_7_rf_reg_q_reg_19_D (->1)
(->2079->3603) testbench.chip.u_ibex_demo_system_u_top.gen_regfile_ff_register_file_i_g_rf_flops_7_rf_reg_q_reg_20_D (->0->1)
(->3568) testbench.chip.u_ibex_demo_system_u_top.gen_regfile_ff_register_file_i_g_rf_flops_7_rf_reg_q_reg_24_D (->1)
(->3568) testbench.chip.u_ibex_demo_system_u_top.gen_regfile_ff_register_file_i_g_rf_flops_7_rf_reg_q_reg_26_D (->1)
(->3568) testbench.chip.u_ibex_demo_system_u_top.gen_regfile_ff_register_file_i_g_rf_flops_7_rf_reg_q_reg_27_D (->1)
(->3585) testbench.chip.u_ibex_demo_system_u_top.gen_regfile_ff_register_file_i_g_rf_flops_8_rf_reg_q_reg_0_D (->1)
(->2103->3585) testbench.chip.u_ibex_demo_system_u_top.gen_regfile_ff_register_file_i_g_rf_flops_8_rf_reg_q_reg_2_D (->0->1)
(->2103) testbench.chip.u_ibex_demo_system_u_top.gen_regfile_ff_register_file_i_g_rf_flops_8_rf_reg_q_reg_3_D (->0)
(->3585) testbench.chip.u_ibex_demo_system_u_top.gen_regfile_ff_register_file_i_g_rf_flops_8_rf_reg_q_reg_4_D (->1)
(->2103) testbench.chip.u_ibex_demo_system_u_top.gen_regfile_ff_register_file_i_g_rf_flops_8_rf_reg_q_reg_5_D (->0)
(->2105) testbench.chip.u_ibex_demo_system_u_top.gen_regfile_ff_register_file_i_g_rf_flops_8_rf_reg_q_reg_6_D (->0)
(->2103->3585) testbench.chip.u_ibex_demo_system_u_top.gen_regfile_ff_register_file_i_g_rf_flops_8_rf_reg_q_reg_7_D (->0->1)
(->2910) testbench.chip.u_ibex_demo_system_u_top.gen_regfile_ff_register_file_i_g_rf_flops_8_rf_reg_q_reg_12_D (->1)
(->2909) testbench.chip.u_ibex_demo_system_u_top.gen_regfile_ff_register_file_i_g_rf_flops_8_rf_reg_q_reg_13_D (->1)
(->2909) testbench.chip.u_ibex_demo_system_u_top.gen_regfile_ff_register_file_i_g_rf_flops_8_rf_reg_q_reg_14_D (->1)
(->3568) testbench.chip.u_ibex_demo_system_u_top.gen_regfile_ff_register_file_i_g_rf_flops_8_rf_reg_q_reg_19_D (->1)
(->2079->3603) testbench.chip.u_ibex_demo_system_u_top.gen_regfile_ff_register_file_i_g_rf_flops_8_rf_reg_q_reg_20_D (->0->1)
(->3568) testbench.chip.u_ibex_demo_system_u_top.gen_regfile_ff_register_file_i_g_rf_flops_8_rf_reg_q_reg_24_D (->1)
(->3568) testbench.chip.u_ibex_demo_system_u_top.gen_regfile_ff_register_file_i_g_rf_flops_8_rf_reg_q_reg_26_D (->1)
(->3568) testbench.chip.u_ibex_demo_system_u_top.gen_regfile_ff_register_file_i_g_rf_flops_8_rf_reg_q_reg_27_D (->1)
(->3585) testbench.chip.u_ibex_demo_system_u_top.gen_regfile_ff_register_file_i_g_rf_flops_9_rf_reg_q_reg_0_D (->1)
(->2103->3585) testbench.chip.u_ibex_demo_system_u_top.gen_regfile_ff_register_file_i_g_rf_flops_9_rf_reg_q_reg_2_D (->0->1)
(->2103) testbench.chip.u_ibex_demo_system_u_top.gen_regfile_ff_register_file_i_g_rf_flops_9_rf_reg_q_reg_3_D (->0)
(->3585) testbench.chip.u_ibex_demo_system_u_top.gen_regfile_ff_register_file_i_g_rf_flops_9_rf_reg_q_reg_4_D (->1)
(->2103) testbench.chip.u_ibex_demo_system_u_top.gen_regfile_ff_register_file_i_g_rf_flops_9_rf_reg_q_reg_5_D (->0)
(->2105) testbench.chip.u_ibex_demo_system_u_top.gen_regfile_ff_register_file_i_g_rf_flops_9_rf_reg_q_reg_6_D (->0)
(->2103->3585) testbench.chip.u_ibex_demo_system_u_top.gen_regfile_ff_register_file_i_g_rf_flops_9_rf_reg_q_reg_7_D (->0->1)
(->2910) testbench.chip.u_ibex_demo_system_u_top.gen_regfile_ff_register_file_i_g_rf_flops_9_rf_reg_q_reg_12_D (->1)
(->2909) testbench.chip.u_ibex_demo_system_u_top.gen_regfile_ff_register_file_i_g_rf_flops_9_rf_reg_q_reg_13_D (->1)
(->2909) testbench.chip.u_ibex_demo_system_u_top.gen_regfile_ff_register_file_i_g_rf_flops_9_rf_reg_q_reg_14_D (->1)
(->3568) testbench.chip.u_ibex_demo_system_u_top.gen_regfile_ff_register_file_i_g_rf_flops_9_rf_reg_q_reg_19_D (->1)
(->2079->3603) testbench.chip.u_ibex_demo_system_u_top.gen_regfile_ff_register_file_i_g_rf_flops_9_rf_reg_q_reg_20_D (->0->1)
(->3568) testbench.chip.u_ibex_demo_system_u_top.gen_regfile_ff_register_file_i_g_rf_flops_9_rf_reg_q_reg_24_D (->1)
(->3568) testbench.chip.u_ibex_demo_system_u_top.gen_regfile_ff_register_file_i_g_rf_flops_9_rf_reg_q_reg_26_D (->1)
(->3568) testbench.chip.u_ibex_demo_system_u_top.gen_regfile_ff_register_file_i_g_rf_flops_9_rf_reg_q_reg_27_D (->1)
(->3585) testbench.chip.u_ibex_demo_system_u_top.gen_regfile_ff_register_file_i_g_rf_flops_10_rf_reg_q_reg_0_D (->1)
(->2103->3585) testbench.chip.u_ibex_demo_system_u_top.gen_regfile_ff_register_file_i_g_rf_flops_10_rf_reg_q_reg_2_D (->0->1)
(->2103) testbench.chip.u_ibex_demo_system_u_top.gen_regfile_ff_register_file_i_g_rf_flops_10_rf_reg_q_reg_3_D (->0)
(->3585) testbench.chip.u_ibex_demo_system_u_top.gen_regfile_ff_register_file_i_g_rf_flops_10_rf_reg_q_reg_4_D (->1)
(->2103) testbench.chip.u_ibex_demo_system_u_top.gen_regfile_ff_register_file_i_g_rf_flops_10_rf_reg_q_reg_5_D (->0)
(->2105) testbench.chip.u_ibex_demo_system_u_top.gen_regfile_ff_register_file_i_g_rf_flops_10_rf_reg_q_reg_6_D (->0)
(->2103->3585) testbench.chip.u_ibex_demo_system_u_top.gen_regfile_ff_register_file_i_g_rf_flops_10_rf_reg_q_reg_7_D (->0->1)
(->2910) testbench.chip.u_ibex_demo_system_u_top.gen_regfile_ff_register_file_i_g_rf_flops_10_rf_reg_q_reg_12_D (->1)
(->2909) testbench.chip.u_ibex_demo_system_u_top.gen_regfile_ff_register_file_i_g_rf_flops_10_rf_reg_q_reg_13_D (->1)
(->2909) testbench.chip.u_ibex_demo_system_u_top.gen_regfile_ff_register_file_i_g_rf_flops_10_rf_reg_q_reg_14_D (->1)
(->3568) testbench.chip.u_ibex_demo_system_u_top.gen_regfile_ff_register_file_i_g_rf_flops_10_rf_reg_q_reg_19_D (->1)
(->2079->3603) testbench.chip.u_ibex_demo_system_u_top.gen_regfile_ff_register_file_i_g_rf_flops_10_rf_reg_q_reg_20_D (->0->1)
(->3568) testbench.chip.u_ibex_demo_system_u_top.gen_regfile_ff_register_file_i_g_rf_flops_10_rf_reg_q_reg_24_D (->1)
(->3568) testbench.chip.u_ibex_demo_system_u_top.gen_regfile_ff_register_file_i_g_rf_flops_10_rf_reg_q_reg_26_D (->1)
(->3568) testbench.chip.u_ibex_demo_system_u_top.gen_regfile_ff_register_file_i_g_rf_flops_10_rf_reg_q_reg_27_D (->1)
(->3585) testbench.chip.u_ibex_demo_system_u_top.gen_regfile_ff_register_file_i_g_rf_flops_11_rf_reg_q_reg_0_D (->1)
(->2103->3585) testbench.chip.u_ibex_demo_system_u_top.gen_regfile_ff_register_file_i_g_rf_flops_11_rf_reg_q_reg_2_D (->0->1)
(->2103) testbench.chip.u_ibex_demo_system_u_top.gen_regfile_ff_register_file_i_g_rf_flops_11_rf_reg_q_reg_3_D (->0)
(->3585) testbench.chip.u_ibex_demo_system_u_top.gen_regfile_ff_register_file_i_g_rf_flops_11_rf_reg_q_reg_4_D (->1)
(->2103) testbench.chip.u_ibex_demo_system_u_top.gen_regfile_ff_register_file_i_g_rf_flops_11_rf_reg_q_reg_5_D (->0)
(->2105) testbench.chip.u_ibex_demo_system_u_top.gen_regfile_ff_register_file_i_g_rf_flops_11_rf_reg_q_reg_6_D (->0)
(->2103->3585) testbench.chip.u_ibex_demo_system_u_top.gen_regfile_ff_register_file_i_g_rf_flops_11_rf_reg_q_reg_7_D (->0->1)
(->2910) testbench.chip.u_ibex_demo_system_u_top.gen_regfile_ff_register_file_i_g_rf_flops_11_rf_reg_q_reg_12_D (->1)
(->2909) testbench.chip.u_ibex_demo_system_u_top.gen_regfile_ff_register_file_i_g_rf_flops_11_rf_reg_q_reg_13_D (->1)
(->2909) testbench.chip.u_ibex_demo_system_u_top.gen_regfile_ff_register_file_i_g_rf_flops_11_rf_reg_q_reg_14_D (->1)
(->3568) testbench.chip.u_ibex_demo_system_u_top.gen_regfile_ff_register_file_i_g_rf_flops_11_rf_reg_q_reg_19_D (->1)
(->2079->3603) testbench.chip.u_ibex_demo_system_u_top.gen_regfile_ff_register_file_i_g_rf_flops_11_rf_reg_q_reg_20_D (->0->1)
(->3568) testbench.chip.u_ibex_demo_system_u_top.gen_regfile_ff_register_file_i_g_rf_flops_11_rf_reg_q_reg_24_D (->1)
(->3568) testbench.chip.u_ibex_demo_system_u_top.gen_regfile_ff_register_file_i_g_rf_flops_11_rf_reg_q_reg_26_D (->1)
(->3568) testbench.chip.u_ibex_demo_system_u_top.gen_regfile_ff_register_file_i_g_rf_flops_11_rf_reg_q_reg_27_D (->1)
(->3585) testbench.chip.u_ibex_demo_system_u_top.gen_regfile_ff_register_file_i_g_rf_flops_12_rf_reg_q_reg_0_D (->1)
(->2103->3585) testbench.chip.u_ibex_demo_system_u_top.gen_regfile_ff_register_file_i_g_rf_flops_12_rf_reg_q_reg_2_D (->0->1)
(->2103) testbench.chip.u_ibex_demo_system_u_top.gen_regfile_ff_register_file_i_g_rf_flops_12_rf_reg_q_reg_3_D (->0)
(->3585) testbench.chip.u_ibex_demo_system_u_top.gen_regfile_ff_register_file_i_g_rf_flops_12_rf_reg_q_reg_4_D (->1)
(->2103) testbench.chip.u_ibex_demo_system_u_top.gen_regfile_ff_register_file_i_g_rf_flops_12_rf_reg_q_reg_5_D (->0)
(->2105) testbench.chip.u_ibex_demo_system_u_top.gen_regfile_ff_register_file_i_g_rf_flops_12_rf_reg_q_reg_6_D (->0)
(->2103->3585) testbench.chip.u_ibex_demo_system_u_top.gen_regfile_ff_register_file_i_g_rf_flops_12_rf_reg_q_reg_7_D (->0->1)
(->2910) testbench.chip.u_ibex_demo_system_u_top.gen_regfile_ff_register_file_i_g_rf_flops_12_rf_reg_q_reg_12_D (->1)
(->2909) testbench.chip.u_ibex_demo_system_u_top.gen_regfile_ff_register_file_i_g_rf_flops_12_rf_reg_q_reg_13_D (->1)
(->2909) testbench.chip.u_ibex_demo_system_u_top.gen_regfile_ff_register_file_i_g_rf_flops_12_rf_reg_q_reg_14_D (->1)
(->3568) testbench.chip.u_ibex_demo_system_u_top.gen_regfile_ff_register_file_i_g_rf_flops_12_rf_reg_q_reg_19_D (->1)
(->2079->3603) testbench.chip.u_ibex_demo_system_u_top.gen_regfile_ff_register_file_i_g_rf_flops_12_rf_reg_q_reg_20_D (->0->1)
(->3568) testbench.chip.u_ibex_demo_system_u_top.gen_regfile_ff_register_file_i_g_rf_flops_12_rf_reg_q_reg_24_D (->1)
(->3568) testbench.chip.u_ibex_demo_system_u_top.gen_regfile_ff_register_file_i_g_rf_flops_12_rf_reg_q_reg_26_D (->1)
(->3568) testbench.chip.u_ibex_demo_system_u_top.gen_regfile_ff_register_file_i_g_rf_flops_12_rf_reg_q_reg_27_D (->1)
(->3585) testbench.chip.u_ibex_demo_system_u_top.gen_regfile_ff_register_file_i_g_rf_flops_13_rf_reg_q_reg_0_D (->1)
(->2103->3585) testbench.chip.u_ibex_demo_system_u_top.gen_regfile_ff_register_file_i_g_rf_flops_13_rf_reg_q_reg_2_D (->0->1)
(->2103) testbench.chip.u_ibex_demo_system_u_top.gen_regfile_ff_register_file_i_g_rf_flops_13_rf_reg_q_reg_3_D (->0)
(->3585) testbench.chip.u_ibex_demo_system_u_top.gen_regfile_ff_register_file_i_g_rf_flops_13_rf_reg_q_reg_4_D (->1)
(->2103) testbench.chip.u_ibex_demo_system_u_top.gen_regfile_ff_register_file_i_g_rf_flops_13_rf_reg_q_reg_5_D (->0)
(->2105) testbench.chip.u_ibex_demo_system_u_top.gen_regfile_ff_register_file_i_g_rf_flops_13_rf_reg_q_reg_6_D (->0)
(->2103->3585) testbench.chip.u_ibex_demo_system_u_top.gen_regfile_ff_register_file_i_g_rf_flops_13_rf_reg_q_reg_7_D (->0->1)
(->2910) testbench.chip.u_ibex_demo_system_u_top.gen_regfile_ff_register_file_i_g_rf_flops_13_rf_reg_q_reg_12_D (->1)
(->2909) testbench.chip.u_ibex_demo_system_u_top.gen_regfile_ff_register_file_i_g_rf_flops_13_rf_reg_q_reg_13_D (->1)
(->2909) testbench.chip.u_ibex_demo_system_u_top.gen_regfile_ff_register_file_i_g_rf_flops_13_rf_reg_q_reg_14_D (->1)
(->3568) testbench.chip.u_ibex_demo_system_u_top.gen_regfile_ff_register_file_i_g_rf_flops_13_rf_reg_q_reg_19_D (->1)
(->2079->3603) testbench.chip.u_ibex_demo_system_u_top.gen_regfile_ff_register_file_i_g_rf_flops_13_rf_reg_q_reg_20_D (->0->1)
(->3568) testbench.chip.u_ibex_demo_system_u_top.gen_regfile_ff_register_file_i_g_rf_flops_13_rf_reg_q_reg_24_D (->1)
(->3568) testbench.chip.u_ibex_demo_system_u_top.gen_regfile_ff_register_file_i_g_rf_flops_13_rf_reg_q_reg_26_D (->1)
(->3568) testbench.chip.u_ibex_demo_system_u_top.gen_regfile_ff_register_file_i_g_rf_flops_13_rf_reg_q_reg_27_D (->1)
(->3585) testbench.chip.u_ibex_demo_system_u_top.gen_regfile_ff_register_file_i_g_rf_flops_14_rf_reg_q_reg_0_D (->1)
(->2103->3585) testbench.chip.u_ibex_demo_system_u_top.gen_regfile_ff_register_file_i_g_rf_flops_14_rf_reg_q_reg_2_D (->0->1)
(->2103) testbench.chip.u_ibex_demo_system_u_top.gen_regfile_ff_register_file_i_g_rf_flops_14_rf_reg_q_reg_3_D (->0)
(->3585) testbench.chip.u_ibex_demo_system_u_top.gen_regfile_ff_register_file_i_g_rf_flops_14_rf_reg_q_reg_4_D (->1)
(->2103) testbench.chip.u_ibex_demo_system_u_top.gen_regfile_ff_register_file_i_g_rf_flops_14_rf_reg_q_reg_5_D (->0)
(->2105) testbench.chip.u_ibex_demo_system_u_top.gen_regfile_ff_register_file_i_g_rf_flops_14_rf_reg_q_reg_6_D (->0)
(->2103->3585) testbench.chip.u_ibex_demo_system_u_top.gen_regfile_ff_register_file_i_g_rf_flops_14_rf_reg_q_reg_7_D (->0->1)
(->2910) testbench.chip.u_ibex_demo_system_u_top.gen_regfile_ff_register_file_i_g_rf_flops_14_rf_reg_q_reg_12_D (->1)
(->2909) testbench.chip.u_ibex_demo_system_u_top.gen_regfile_ff_register_file_i_g_rf_flops_14_rf_reg_q_reg_13_D (->1)
(->2909) testbench.chip.u_ibex_demo_system_u_top.gen_regfile_ff_register_file_i_g_rf_flops_14_rf_reg_q_reg_14_D (->1)
(->3568) testbench.chip.u_ibex_demo_system_u_top.gen_regfile_ff_register_file_i_g_rf_flops_14_rf_reg_q_reg_19_D (->1)
(->2079->3603) testbench.chip.u_ibex_demo_system_u_top.gen_regfile_ff_register_file_i_g_rf_flops_14_rf_reg_q_reg_20_D (->0->1)
(->3568) testbench.chip.u_ibex_demo_system_u_top.gen_regfile_ff_register_file_i_g_rf_flops_14_rf_reg_q_reg_24_D (->1)
(->3568) testbench.chip.u_ibex_demo_system_u_top.gen_regfile_ff_register_file_i_g_rf_flops_14_rf_reg_q_reg_26_D (->1)
(->3568) testbench.chip.u_ibex_demo_system_u_top.gen_regfile_ff_register_file_i_g_rf_flops_14_rf_reg_q_reg_27_D (->1)
(->3585) testbench.chip.u_ibex_demo_system_u_top.gen_regfile_ff_register_file_i_g_rf_flops_15_rf_reg_q_reg_0_D (->1)
(->2103->3585) testbench.chip.u_ibex_demo_system_u_top.gen_regfile_ff_register_file_i_g_rf_flops_15_rf_reg_q_reg_2_D (->0->1)
(->2103) testbench.chip.u_ibex_demo_system_u_top.gen_regfile_ff_register_file_i_g_rf_flops_15_rf_reg_q_reg_3_D (->0)
(->3585) testbench.chip.u_ibex_demo_system_u_top.gen_regfile_ff_register_file_i_g_rf_flops_15_rf_reg_q_reg_4_D (->1)
(->2103) testbench.chip.u_ibex_demo_system_u_top.gen_regfile_ff_register_file_i_g_rf_flops_15_rf_reg_q_reg_5_D (->0)
(->2105) testbench.chip.u_ibex_demo_system_u_top.gen_regfile_ff_register_file_i_g_rf_flops_15_rf_reg_q_reg_6_D (->0)
(->2103->3585) testbench.chip.u_ibex_demo_system_u_top.gen_regfile_ff_register_file_i_g_rf_flops_15_rf_reg_q_reg_7_D (->0->1)
(->2910) testbench.chip.u_ibex_demo_system_u_top.gen_regfile_ff_register_file_i_g_rf_flops_15_rf_reg_q_reg_12_D (->1)
(->2909) testbench.chip.u_ibex_demo_system_u_top.gen_regfile_ff_register_file_i_g_rf_flops_15_rf_reg_q_reg_13_D (->1)
(->2909) testbench.chip.u_ibex_demo_system_u_top.gen_regfile_ff_register_file_i_g_rf_flops_15_rf_reg_q_reg_14_D (->1)
(->3568) testbench.chip.u_ibex_demo_system_u_top.gen_regfile_ff_register_file_i_g_rf_flops_15_rf_reg_q_reg_19_D (->1)
(->2079->3603) testbench.chip.u_ibex_demo_system_u_top.gen_regfile_ff_register_file_i_g_rf_flops_15_rf_reg_q_reg_20_D (->0->1)
(->3568) testbench.chip.u_ibex_demo_system_u_top.gen_regfile_ff_register_file_i_g_rf_flops_15_rf_reg_q_reg_24_D (->1)
(->3568) testbench.chip.u_ibex_demo_system_u_top.gen_regfile_ff_register_file_i_g_rf_flops_15_rf_reg_q_reg_26_D (->1)
(->3568) testbench.chip.u_ibex_demo_system_u_top.gen_regfile_ff_register_file_i_g_rf_flops_15_rf_reg_q_reg_27_D (->1)
(->3585) testbench.chip.u_ibex_demo_system_u_top.gen_regfile_ff_register_file_i_g_rf_flops_16_rf_reg_q_reg_0_D (->1)
(->2103->3585) testbench.chip.u_ibex_demo_system_u_top.gen_regfile_ff_register_file_i_g_rf_flops_16_rf_reg_q_reg_2_D (->0->1)
(->2103) testbench.chip.u_ibex_demo_system_u_top.gen_regfile_ff_register_file_i_g_rf_flops_16_rf_reg_q_reg_3_D (->0)
(->3585) testbench.chip.u_ibex_demo_system_u_top.gen_regfile_ff_register_file_i_g_rf_flops_16_rf_reg_q_reg_4_D (->1)
(->2103) testbench.chip.u_ibex_demo_system_u_top.gen_regfile_ff_register_file_i_g_rf_flops_16_rf_reg_q_reg_5_D (->0)
(->2105) testbench.chip.u_ibex_demo_system_u_top.gen_regfile_ff_register_file_i_g_rf_flops_16_rf_reg_q_reg_6_D (->0)
(->2103->3585) testbench.chip.u_ibex_demo_system_u_top.gen_regfile_ff_register_file_i_g_rf_flops_16_rf_reg_q_reg_7_D (->0->1)
(->2910) testbench.chip.u_ibex_demo_system_u_top.gen_regfile_ff_register_file_i_g_rf_flops_16_rf_reg_q_reg_12_D (->1)
(->2909) testbench.chip.u_ibex_demo_system_u_top.gen_regfile_ff_register_file_i_g_rf_flops_16_rf_reg_q_reg_13_D (->1)
(->2909) testbench.chip.u_ibex_demo_system_u_top.gen_regfile_ff_register_file_i_g_rf_flops_16_rf_reg_q_reg_14_D (->1)
(->3568) testbench.chip.u_ibex_demo_system_u_top.gen_regfile_ff_register_file_i_g_rf_flops_16_rf_reg_q_reg_19_D (->1)
(->2079->3603) testbench.chip.u_ibex_demo_system_u_top.gen_regfile_ff_register_file_i_g_rf_flops_16_rf_reg_q_reg_20_D (->0->1)
(->3568) testbench.chip.u_ibex_demo_system_u_top.gen_regfile_ff_register_file_i_g_rf_flops_16_rf_reg_q_reg_24_D (->1)
(->3568) testbench.chip.u_ibex_demo_system_u_top.gen_regfile_ff_register_file_i_g_rf_flops_16_rf_reg_q_reg_26_D (->1)
(->3568) testbench.chip.u_ibex_demo_system_u_top.gen_regfile_ff_register_file_i_g_rf_flops_16_rf_reg_q_reg_27_D (->1)
(->3585) testbench.chip.u_ibex_demo_system_u_top.gen_regfile_ff_register_file_i_g_rf_flops_17_rf_reg_q_reg_0_D (->1)
(->2103->3585) testbench.chip.u_ibex_demo_system_u_top.gen_regfile_ff_register_file_i_g_rf_flops_17_rf_reg_q_reg_2_D (->0->1)
(->2103) testbench.chip.u_ibex_demo_system_u_top.gen_regfile_ff_register_file_i_g_rf_flops_17_rf_reg_q_reg_3_D (->0)
(->3585) testbench.chip.u_ibex_demo_system_u_top.gen_regfile_ff_register_file_i_g_rf_flops_17_rf_reg_q_reg_4_D (->1)
(->2103) testbench.chip.u_ibex_demo_system_u_top.gen_regfile_ff_register_file_i_g_rf_flops_17_rf_reg_q_reg_5_D (->0)
(->2105) testbench.chip.u_ibex_demo_system_u_top.gen_regfile_ff_register_file_i_g_rf_flops_17_rf_reg_q_reg_6_D (->0)
(->2103->3585) testbench.chip.u_ibex_demo_system_u_top.gen_regfile_ff_register_file_i_g_rf_flops_17_rf_reg_q_reg_7_D (->0->1)
(->2910) testbench.chip.u_ibex_demo_system_u_top.gen_regfile_ff_register_file_i_g_rf_flops_17_rf_reg_q_reg_12_D (->1)
(->2909) testbench.chip.u_ibex_demo_system_u_top.gen_regfile_ff_register_file_i_g_rf_flops_17_rf_reg_q_reg_13_D (->1)
(->2909) testbench.chip.u_ibex_demo_system_u_top.gen_regfile_ff_register_file_i_g_rf_flops_17_rf_reg_q_reg_14_D (->1)
(->3568) testbench.chip.u_ibex_demo_system_u_top.gen_regfile_ff_register_file_i_g_rf_flops_17_rf_reg_q_reg_19_D (->1)
(->2079->3603) testbench.chip.u_ibex_demo_system_u_top.gen_regfile_ff_register_file_i_g_rf_flops_17_rf_reg_q_reg_20_D (->0->1)
(->3568) testbench.chip.u_ibex_demo_system_u_top.gen_regfile_ff_register_file_i_g_rf_flops_17_rf_reg_q_reg_24_D (->1)
(->3568) testbench.chip.u_ibex_demo_system_u_top.gen_regfile_ff_register_file_i_g_rf_flops_17_rf_reg_q_reg_26_D (->1)
(->3568) testbench.chip.u_ibex_demo_system_u_top.gen_regfile_ff_register_file_i_g_rf_flops_17_rf_reg_q_reg_27_D (->1)
(->3585) testbench.chip.u_ibex_demo_system_u_top.gen_regfile_ff_register_file_i_g_rf_flops_18_rf_reg_q_reg_0_D (->1)
(->2103->3585) testbench.chip.u_ibex_demo_system_u_top.gen_regfile_ff_register_file_i_g_rf_flops_18_rf_reg_q_reg_2_D (->0->1)
(->2103) testbench.chip.u_ibex_demo_system_u_top.gen_regfile_ff_register_file_i_g_rf_flops_18_rf_reg_q_reg_3_D (->0)
(->3585) testbench.chip.u_ibex_demo_system_u_top.gen_regfile_ff_register_file_i_g_rf_flops_18_rf_reg_q_reg_4_D (->1)
(->2103) testbench.chip.u_ibex_demo_system_u_top.gen_regfile_ff_register_file_i_g_rf_flops_18_rf_reg_q_reg_5_D (->0)
(->2105) testbench.chip.u_ibex_demo_system_u_top.gen_regfile_ff_register_file_i_g_rf_flops_18_rf_reg_q_reg_6_D (->0)
(->2103->3585) testbench.chip.u_ibex_demo_system_u_top.gen_regfile_ff_register_file_i_g_rf_flops_18_rf_reg_q_reg_7_D (->0->1)
(->2910) testbench.chip.u_ibex_demo_system_u_top.gen_regfile_ff_register_file_i_g_rf_flops_18_rf_reg_q_reg_12_D (->1)
(->2909) testbench.chip.u_ibex_demo_system_u_top.gen_regfile_ff_register_file_i_g_rf_flops_18_rf_reg_q_reg_13_D (->1)
(->2909) testbench.chip.u_ibex_demo_system_u_top.gen_regfile_ff_register_file_i_g_rf_flops_18_rf_reg_q_reg_14_D (->1)
(->3568) testbench.chip.u_ibex_demo_system_u_top.gen_regfile_ff_register_file_i_g_rf_flops_18_rf_reg_q_reg_19_D (->1)
(->2079->3603) testbench.chip.u_ibex_demo_system_u_top.gen_regfile_ff_register_file_i_g_rf_flops_18_rf_reg_q_reg_20_D (->0->1)
(->3568) testbench.chip.u_ibex_demo_system_u_top.gen_regfile_ff_register_file_i_g_rf_flops_18_rf_reg_q_reg_24_D (->1)
(->3568) testbench.chip.u_ibex_demo_system_u_top.gen_regfile_ff_register_file_i_g_rf_flops_18_rf_reg_q_reg_26_D (->1)
(->3568) testbench.chip.u_ibex_demo_system_u_top.gen_regfile_ff_register_file_i_g_rf_flops_18_rf_reg_q_reg_27_D (->1)
(->3585) testbench.chip.u_ibex_demo_system_u_top.gen_regfile_ff_register_file_i_g_rf_flops_19_rf_reg_q_reg_0_D (->1)
(->2103->3585) testbench.chip.u_ibex_demo_system_u_top.gen_regfile_ff_register_file_i_g_rf_flops_19_rf_reg_q_reg_2_D (->0->1)
(->2103) testbench.chip.u_ibex_demo_system_u_top.gen_regfile_ff_register_file_i_g_rf_flops_19_rf_reg_q_reg_3_D (->0)
(->3585) testbench.chip.u_ibex_demo_system_u_top.gen_regfile_ff_register_file_i_g_rf_flops_19_rf_reg_q_reg_4_D (->1)
(->2103) testbench.chip.u_ibex_demo_system_u_top.gen_regfile_ff_register_file_i_g_rf_flops_19_rf_reg_q_reg_5_D (->0)
(->2105) testbench.chip.u_ibex_demo_system_u_top.gen_regfile_ff_register_file_i_g_rf_flops_19_rf_reg_q_reg_6_D (->0)
(->2103->3585) testbench.chip.u_ibex_demo_system_u_top.gen_regfile_ff_register_file_i_g_rf_flops_19_rf_reg_q_reg_7_D (->0->1)
(->2910) testbench.chip.u_ibex_demo_system_u_top.gen_regfile_ff_register_file_i_g_rf_flops_19_rf_reg_q_reg_12_D (->1)
(->2909) testbench.chip.u_ibex_demo_system_u_top.gen_regfile_ff_register_file_i_g_rf_flops_19_rf_reg_q_reg_13_D (->1)
(->2909) testbench.chip.u_ibex_demo_system_u_top.gen_regfile_ff_register_file_i_g_rf_flops_19_rf_reg_q_reg_14_D (->1)
(->3568) testbench.chip.u_ibex_demo_system_u_top.gen_regfile_ff_register_file_i_g_rf_flops_19_rf_reg_q_reg_19_D (->1)
(->2079->3603) testbench.chip.u_ibex_demo_system_u_top.gen_regfile_ff_register_file_i_g_rf_flops_19_rf_reg_q_reg_20_D (->0->1)
(->3568) testbench.chip.u_ibex_demo_system_u_top.gen_regfile_ff_register_file_i_g_rf_flops_19_rf_reg_q_reg_24_D (->1)
(->3568) testbench.chip.u_ibex_demo_system_u_top.gen_regfile_ff_register_file_i_g_rf_flops_19_rf_reg_q_reg_26_D (->1)
(->3568) testbench.chip.u_ibex_demo_system_u_top.gen_regfile_ff_register_file_i_g_rf_flops_19_rf_reg_q_reg_27_D (->1)
(->3585) testbench.chip.u_ibex_demo_system_u_top.gen_regfile_ff_register_file_i_g_rf_flops_20_rf_reg_q_reg_0_D (->1)
(->2103->3585) testbench.chip.u_ibex_demo_system_u_top.gen_regfile_ff_register_file_i_g_rf_flops_20_rf_reg_q_reg_2_D (->0->1)
(->2103) testbench.chip.u_ibex_demo_system_u_top.gen_regfile_ff_register_file_i_g_rf_flops_20_rf_reg_q_reg_3_D (->0)
(->3585) testbench.chip.u_ibex_demo_system_u_top.gen_regfile_ff_register_file_i_g_rf_flops_20_rf_reg_q_reg_4_D (->1)
(->2103) testbench.chip.u_ibex_demo_system_u_top.gen_regfile_ff_register_file_i_g_rf_flops_20_rf_reg_q_reg_5_D (->0)
(->2105) testbench.chip.u_ibex_demo_system_u_top.gen_regfile_ff_register_file_i_g_rf_flops_20_rf_reg_q_reg_6_D (->0)
(->2103->3585) testbench.chip.u_ibex_demo_system_u_top.gen_regfile_ff_register_file_i_g_rf_flops_20_rf_reg_q_reg_7_D (->0->1)
(->2910) testbench.chip.u_ibex_demo_system_u_top.gen_regfile_ff_register_file_i_g_rf_flops_20_rf_reg_q_reg_12_D (->1)
(->2909) testbench.chip.u_ibex_demo_system_u_top.gen_regfile_ff_register_file_i_g_rf_flops_20_rf_reg_q_reg_13_D (->1)
(->2909) testbench.chip.u_ibex_demo_system_u_top.gen_regfile_ff_register_file_i_g_rf_flops_20_rf_reg_q_reg_14_D (->1)
(->3568) testbench.chip.u_ibex_demo_system_u_top.gen_regfile_ff_register_file_i_g_rf_flops_20_rf_reg_q_reg_19_D (->1)
(->2079->3603) testbench.chip.u_ibex_demo_system_u_top.gen_regfile_ff_register_file_i_g_rf_flops_20_rf_reg_q_reg_20_D (->0->1)
(->3568) testbench.chip.u_ibex_demo_system_u_top.gen_regfile_ff_register_file_i_g_rf_flops_20_rf_reg_q_reg_24_D (->1)
(->3568) testbench.chip.u_ibex_demo_system_u_top.gen_regfile_ff_register_file_i_g_rf_flops_20_rf_reg_q_reg_26_D (->1)
(->3568) testbench.chip.u_ibex_demo_system_u_top.gen_regfile_ff_register_file_i_g_rf_flops_20_rf_reg_q_reg_27_D (->1)
(->3585) testbench.chip.u_ibex_demo_system_u_top.gen_regfile_ff_register_file_i_g_rf_flops_21_rf_reg_q_reg_0_D (->1)
(->2103->3585) testbench.chip.u_ibex_demo_system_u_top.gen_regfile_ff_register_file_i_g_rf_flops_21_rf_reg_q_reg_2_D (->0->1)
(->2103) testbench.chip.u_ibex_demo_system_u_top.gen_regfile_ff_register_file_i_g_rf_flops_21_rf_reg_q_reg_3_D (->0)
(->3585) testbench.chip.u_ibex_demo_system_u_top.gen_regfile_ff_register_file_i_g_rf_flops_21_rf_reg_q_reg_4_D (->1)
(->2103) testbench.chip.u_ibex_demo_system_u_top.gen_regfile_ff_register_file_i_g_rf_flops_21_rf_reg_q_reg_5_D (->0)
(->2105) testbench.chip.u_ibex_demo_system_u_top.gen_regfile_ff_register_file_i_g_rf_flops_21_rf_reg_q_reg_6_D (->0)
(->2103->3585) testbench.chip.u_ibex_demo_system_u_top.gen_regfile_ff_register_file_i_g_rf_flops_21_rf_reg_q_reg_7_D (->0->1)
(->2910) testbench.chip.u_ibex_demo_system_u_top.gen_regfile_ff_register_file_i_g_rf_flops_21_rf_reg_q_reg_12_D (->1)
(->2909) testbench.chip.u_ibex_demo_system_u_top.gen_regfile_ff_register_file_i_g_rf_flops_21_rf_reg_q_reg_13_D (->1)
(->2909) testbench.chip.u_ibex_demo_system_u_top.gen_regfile_ff_register_file_i_g_rf_flops_21_rf_reg_q_reg_14_D (->1)
(->3568) testbench.chip.u_ibex_demo_system_u_top.gen_regfile_ff_register_file_i_g_rf_flops_21_rf_reg_q_reg_19_D (->1)
(->2079->3603) testbench.chip.u_ibex_demo_system_u_top.gen_regfile_ff_register_file_i_g_rf_flops_21_rf_reg_q_reg_20_D (->0->1)
(->3568) testbench.chip.u_ibex_demo_system_u_top.gen_regfile_ff_register_file_i_g_rf_flops_21_rf_reg_q_reg_24_D (->1)
(->3568) testbench.chip.u_ibex_demo_system_u_top.gen_regfile_ff_register_file_i_g_rf_flops_21_rf_reg_q_reg_26_D (->1)
(->3568) testbench.chip.u_ibex_demo_system_u_top.gen_regfile_ff_register_file_i_g_rf_flops_21_rf_reg_q_reg_27_D (->1)
(->3585) testbench.chip.u_ibex_demo_system_u_top.gen_regfile_ff_register_file_i_g_rf_flops_22_rf_reg_q_reg_0_D (->1)
(->2103->3585) testbench.chip.u_ibex_demo_system_u_top.gen_regfile_ff_register_file_i_g_rf_flops_22_rf_reg_q_reg_2_D (->0->1)
(->2103) testbench.chip.u_ibex_demo_system_u_top.gen_regfile_ff_register_file_i_g_rf_flops_22_rf_reg_q_reg_3_D (->0)
(->3585) testbench.chip.u_ibex_demo_system_u_top.gen_regfile_ff_register_file_i_g_rf_flops_22_rf_reg_q_reg_4_D (->1)
(->2103) testbench.chip.u_ibex_demo_system_u_top.gen_regfile_ff_register_file_i_g_rf_flops_22_rf_reg_q_reg_5_D (->0)
(->2105) testbench.chip.u_ibex_demo_system_u_top.gen_regfile_ff_register_file_i_g_rf_flops_22_rf_reg_q_reg_6_D (->0)
(->2103->3585) testbench.chip.u_ibex_demo_system_u_top.gen_regfile_ff_register_file_i_g_rf_flops_22_rf_reg_q_reg_7_D (->0->1)
(->2910) testbench.chip.u_ibex_demo_system_u_top.gen_regfile_ff_register_file_i_g_rf_flops_22_rf_reg_q_reg_12_D (->1)
(->2909) testbench.chip.u_ibex_demo_system_u_top.gen_regfile_ff_register_file_i_g_rf_flops_22_rf_reg_q_reg_13_D (->1)
(->2909) testbench.chip.u_ibex_demo_system_u_top.gen_regfile_ff_register_file_i_g_rf_flops_22_rf_reg_q_reg_14_D (->1)
(->3568) testbench.chip.u_ibex_demo_system_u_top.gen_regfile_ff_register_file_i_g_rf_flops_22_rf_reg_q_reg_19_D (->1)
(->2079->3603) testbench.chip.u_ibex_demo_system_u_top.gen_regfile_ff_register_file_i_g_rf_flops_22_rf_reg_q_reg_20_D (->0->1)
(->3568) testbench.chip.u_ibex_demo_system_u_top.gen_regfile_ff_register_file_i_g_rf_flops_22_rf_reg_q_reg_24_D (->1)
(->3568) testbench.chip.u_ibex_demo_system_u_top.gen_regfile_ff_register_file_i_g_rf_flops_22_rf_reg_q_reg_26_D (->1)
(->3568) testbench.chip.u_ibex_demo_system_u_top.gen_regfile_ff_register_file_i_g_rf_flops_22_rf_reg_q_reg_27_D (->1)
(->3585) testbench.chip.u_ibex_demo_system_u_top.gen_regfile_ff_register_file_i_g_rf_flops_23_rf_reg_q_reg_0_D (->1)
(->2103->3585) testbench.chip.u_ibex_demo_system_u_top.gen_regfile_ff_register_file_i_g_rf_flops_23_rf_reg_q_reg_2_D (->0->1)
(->2103) testbench.chip.u_ibex_demo_system_u_top.gen_regfile_ff_register_file_i_g_rf_flops_23_rf_reg_q_reg_3_D (->0)
(->3585) testbench.chip.u_ibex_demo_system_u_top.gen_regfile_ff_register_file_i_g_rf_flops_23_rf_reg_q_reg_4_D (->1)
(->2103) testbench.chip.u_ibex_demo_system_u_top.gen_regfile_ff_register_file_i_g_rf_flops_23_rf_reg_q_reg_5_D (->0)
(->2105) testbench.chip.u_ibex_demo_system_u_top.gen_regfile_ff_register_file_i_g_rf_flops_23_rf_reg_q_reg_6_D (->0)
(->2103->3585) testbench.chip.u_ibex_demo_system_u_top.gen_regfile_ff_register_file_i_g_rf_flops_23_rf_reg_q_reg_7_D (->0->1)
(->2910) testbench.chip.u_ibex_demo_system_u_top.gen_regfile_ff_register_file_i_g_rf_flops_23_rf_reg_q_reg_12_D (->1)
(->2909) testbench.chip.u_ibex_demo_system_u_top.gen_regfile_ff_register_file_i_g_rf_flops_23_rf_reg_q_reg_13_D (->1)
(->2909) testbench.chip.u_ibex_demo_system_u_top.gen_regfile_ff_register_file_i_g_rf_flops_23_rf_reg_q_reg_14_D (->1)
(->3568) testbench.chip.u_ibex_demo_system_u_top.gen_regfile_ff_register_file_i_g_rf_flops_23_rf_reg_q_reg_19_D (->1)
(->2079->3603) testbench.chip.u_ibex_demo_system_u_top.gen_regfile_ff_register_file_i_g_rf_flops_23_rf_reg_q_reg_20_D (->0->1)
(->3568) testbench.chip.u_ibex_demo_system_u_top.gen_regfile_ff_register_file_i_g_rf_flops_23_rf_reg_q_reg_24_D (->1)
(->3568) testbench.chip.u_ibex_demo_system_u_top.gen_regfile_ff_register_file_i_g_rf_flops_23_rf_reg_q_reg_26_D (->1)
(->3568) testbench.chip.u_ibex_demo_system_u_top.gen_regfile_ff_register_file_i_g_rf_flops_23_rf_reg_q_reg_27_D (->1)
(->3585) testbench.chip.u_ibex_demo_system_u_top.gen_regfile_ff_register_file_i_g_rf_flops_24_rf_reg_q_reg_0_D (->1)
(->2103->3585) testbench.chip.u_ibex_demo_system_u_top.gen_regfile_ff_register_file_i_g_rf_flops_24_rf_reg_q_reg_2_D (->0->1)
(->2103) testbench.chip.u_ibex_demo_system_u_top.gen_regfile_ff_register_file_i_g_rf_flops_24_rf_reg_q_reg_3_D (->0)
(->3585) testbench.chip.u_ibex_demo_system_u_top.gen_regfile_ff_register_file_i_g_rf_flops_24_rf_reg_q_reg_4_D (->1)
(->2103) testbench.chip.u_ibex_demo_system_u_top.gen_regfile_ff_register_file_i_g_rf_flops_24_rf_reg_q_reg_5_D (->0)
(->2105) testbench.chip.u_ibex_demo_system_u_top.gen_regfile_ff_register_file_i_g_rf_flops_24_rf_reg_q_reg_6_D (->0)
(->2103->3585) testbench.chip.u_ibex_demo_system_u_top.gen_regfile_ff_register_file_i_g_rf_flops_24_rf_reg_q_reg_7_D (->0->1)
(->2910) testbench.chip.u_ibex_demo_system_u_top.gen_regfile_ff_register_file_i_g_rf_flops_24_rf_reg_q_reg_12_D (->1)
(->2909) testbench.chip.u_ibex_demo_system_u_top.gen_regfile_ff_register_file_i_g_rf_flops_24_rf_reg_q_reg_13_D (->1)
(->2909) testbench.chip.u_ibex_demo_system_u_top.gen_regfile_ff_register_file_i_g_rf_flops_24_rf_reg_q_reg_14_D (->1)
(->3568) testbench.chip.u_ibex_demo_system_u_top.gen_regfile_ff_register_file_i_g_rf_flops_24_rf_reg_q_reg_19_D (->1)
(->2079->3603) testbench.chip.u_ibex_demo_system_u_top.gen_regfile_ff_register_file_i_g_rf_flops_24_rf_reg_q_reg_20_D (->0->1)
(->3568) testbench.chip.u_ibex_demo_system_u_top.gen_regfile_ff_register_file_i_g_rf_flops_24_rf_reg_q_reg_24_D (->1)
(->3568) testbench.chip.u_ibex_demo_system_u_top.gen_regfile_ff_register_file_i_g_rf_flops_24_rf_reg_q_reg_26_D (->1)
(->3568) testbench.chip.u_ibex_demo_system_u_top.gen_regfile_ff_register_file_i_g_rf_flops_24_rf_reg_q_reg_27_D (->1)
(->3585) testbench.chip.u_ibex_demo_system_u_top.gen_regfile_ff_register_file_i_g_rf_flops_25_rf_reg_q_reg_0_D (->1)
(->2103->3585) testbench.chip.u_ibex_demo_system_u_top.gen_regfile_ff_register_file_i_g_rf_flops_25_rf_reg_q_reg_2_D (->0->1)
(->2103) testbench.chip.u_ibex_demo_system_u_top.gen_regfile_ff_register_file_i_g_rf_flops_25_rf_reg_q_reg_3_D (->0)
(->3585) testbench.chip.u_ibex_demo_system_u_top.gen_regfile_ff_register_file_i_g_rf_flops_25_rf_reg_q_reg_4_D (->1)
(->2103) testbench.chip.u_ibex_demo_system_u_top.gen_regfile_ff_register_file_i_g_rf_flops_25_rf_reg_q_reg_5_D (->0)
(->2105) testbench.chip.u_ibex_demo_system_u_top.gen_regfile_ff_register_file_i_g_rf_flops_25_rf_reg_q_reg_6_D (->0)
(->2103->3585) testbench.chip.u_ibex_demo_system_u_top.gen_regfile_ff_register_file_i_g_rf_flops_25_rf_reg_q_reg_7_D (->0->1)
(->2910) testbench.chip.u_ibex_demo_system_u_top.gen_regfile_ff_register_file_i_g_rf_flops_25_rf_reg_q_reg_12_D (->1)
(->2909) testbench.chip.u_ibex_demo_system_u_top.gen_regfile_ff_register_file_i_g_rf_flops_25_rf_reg_q_reg_13_D (->1)
(->2909) testbench.chip.u_ibex_demo_system_u_top.gen_regfile_ff_register_file_i_g_rf_flops_25_rf_reg_q_reg_14_D (->1)
(->3568) testbench.chip.u_ibex_demo_system_u_top.gen_regfile_ff_register_file_i_g_rf_flops_25_rf_reg_q_reg_19_D (->1)
(->2079->3603) testbench.chip.u_ibex_demo_system_u_top.gen_regfile_ff_register_file_i_g_rf_flops_25_rf_reg_q_reg_20_D (->0->1)
(->3568) testbench.chip.u_ibex_demo_system_u_top.gen_regfile_ff_register_file_i_g_rf_flops_25_rf_reg_q_reg_24_D (->1)
(->3568) testbench.chip.u_ibex_demo_system_u_top.gen_regfile_ff_register_file_i_g_rf_flops_25_rf_reg_q_reg_26_D (->1)
(->3568) testbench.chip.u_ibex_demo_system_u_top.gen_regfile_ff_register_file_i_g_rf_flops_25_rf_reg_q_reg_27_D (->1)
(->3585) testbench.chip.u_ibex_demo_system_u_top.gen_regfile_ff_register_file_i_g_rf_flops_26_rf_reg_q_reg_0_D (->1)
(->2103->3585) testbench.chip.u_ibex_demo_system_u_top.gen_regfile_ff_register_file_i_g_rf_flops_26_rf_reg_q_reg_2_D (->0->1)
(->2103) testbench.chip.u_ibex_demo_system_u_top.gen_regfile_ff_register_file_i_g_rf_flops_26_rf_reg_q_reg_3_D (->0)
(->3585) testbench.chip.u_ibex_demo_system_u_top.gen_regfile_ff_register_file_i_g_rf_flops_26_rf_reg_q_reg_4_D (->1)
(->2103) testbench.chip.u_ibex_demo_system_u_top.gen_regfile_ff_register_file_i_g_rf_flops_26_rf_reg_q_reg_5_D (->0)
(->2105) testbench.chip.u_ibex_demo_system_u_top.gen_regfile_ff_register_file_i_g_rf_flops_26_rf_reg_q_reg_6_D (->0)
(->2103->3585) testbench.chip.u_ibex_demo_system_u_top.gen_regfile_ff_register_file_i_g_rf_flops_26_rf_reg_q_reg_7_D (->0->1)
(->2910) testbench.chip.u_ibex_demo_system_u_top.gen_regfile_ff_register_file_i_g_rf_flops_26_rf_reg_q_reg_12_D (->1)
(->2909) testbench.chip.u_ibex_demo_system_u_top.gen_regfile_ff_register_file_i_g_rf_flops_26_rf_reg_q_reg_13_D (->1)
(->2909) testbench.chip.u_ibex_demo_system_u_top.gen_regfile_ff_register_file_i_g_rf_flops_26_rf_reg_q_reg_14_D (->1)
(->3568) testbench.chip.u_ibex_demo_system_u_top.gen_regfile_ff_register_file_i_g_rf_flops_26_rf_reg_q_reg_19_D (->1)
(->2079->3603) testbench.chip.u_ibex_demo_system_u_top.gen_regfile_ff_register_file_i_g_rf_flops_26_rf_reg_q_reg_20_D (->0->1)
(->3568) testbench.chip.u_ibex_demo_system_u_top.gen_regfile_ff_register_file_i_g_rf_flops_26_rf_reg_q_reg_24_D (->1)
(->3568) testbench.chip.u_ibex_demo_system_u_top.gen_regfile_ff_register_file_i_g_rf_flops_26_rf_reg_q_reg_26_D (->1)
(->3568) testbench.chip.u_ibex_demo_system_u_top.gen_regfile_ff_register_file_i_g_rf_flops_26_rf_reg_q_reg_27_D (->1)
(->3585) testbench.chip.u_ibex_demo_system_u_top.gen_regfile_ff_register_file_i_g_rf_flops_27_rf_reg_q_reg_0_D (->1)
(->2103->3585) testbench.chip.u_ibex_demo_system_u_top.gen_regfile_ff_register_file_i_g_rf_flops_27_rf_reg_q_reg_2_D (->0->1)
(->2103) testbench.chip.u_ibex_demo_system_u_top.gen_regfile_ff_register_file_i_g_rf_flops_27_rf_reg_q_reg_3_D (->0)
(->3585) testbench.chip.u_ibex_demo_system_u_top.gen_regfile_ff_register_file_i_g_rf_flops_27_rf_reg_q_reg_4_D (->1)
(->2103) testbench.chip.u_ibex_demo_system_u_top.gen_regfile_ff_register_file_i_g_rf_flops_27_rf_reg_q_reg_5_D (->0)
(->2105) testbench.chip.u_ibex_demo_system_u_top.gen_regfile_ff_register_file_i_g_rf_flops_27_rf_reg_q_reg_6_D (->0)
(->2103->3585) testbench.chip.u_ibex_demo_system_u_top.gen_regfile_ff_register_file_i_g_rf_flops_27_rf_reg_q_reg_7_D (->0->1)
(->2910) testbench.chip.u_ibex_demo_system_u_top.gen_regfile_ff_register_file_i_g_rf_flops_27_rf_reg_q_reg_12_D (->1)
(->2909) testbench.chip.u_ibex_demo_system_u_top.gen_regfile_ff_register_file_i_g_rf_flops_27_rf_reg_q_reg_13_D (->1)
(->2909) testbench.chip.u_ibex_demo_system_u_top.gen_regfile_ff_register_file_i_g_rf_flops_27_rf_reg_q_reg_14_D (->1)
(->3568) testbench.chip.u_ibex_demo_system_u_top.gen_regfile_ff_register_file_i_g_rf_flops_27_rf_reg_q_reg_19_D (->1)
(->2079->3603) testbench.chip.u_ibex_demo_system_u_top.gen_regfile_ff_register_file_i_g_rf_flops_27_rf_reg_q_reg_20_D (->0->1)
(->3568) testbench.chip.u_ibex_demo_system_u_top.gen_regfile_ff_register_file_i_g_rf_flops_27_rf_reg_q_reg_24_D (->1)
(->3568) testbench.chip.u_ibex_demo_system_u_top.gen_regfile_ff_register_file_i_g_rf_flops_27_rf_reg_q_reg_26_D (->1)
(->3568) testbench.chip.u_ibex_demo_system_u_top.gen_regfile_ff_register_file_i_g_rf_flops_27_rf_reg_q_reg_27_D (->1)
(->3585) testbench.chip.u_ibex_demo_system_u_top.gen_regfile_ff_register_file_i_g_rf_flops_28_rf_reg_q_reg_0_D (->1)
(->2103->3585) testbench.chip.u_ibex_demo_system_u_top.gen_regfile_ff_register_file_i_g_rf_flops_28_rf_reg_q_reg_2_D (->0->1)
(->2103) testbench.chip.u_ibex_demo_system_u_top.gen_regfile_ff_register_file_i_g_rf_flops_28_rf_reg_q_reg_3_D (->0)
(->3585) testbench.chip.u_ibex_demo_system_u_top.gen_regfile_ff_register_file_i_g_rf_flops_28_rf_reg_q_reg_4_D (->1)
(->2103) testbench.chip.u_ibex_demo_system_u_top.gen_regfile_ff_register_file_i_g_rf_flops_28_rf_reg_q_reg_5_D (->0)
(->2105) testbench.chip.u_ibex_demo_system_u_top.gen_regfile_ff_register_file_i_g_rf_flops_28_rf_reg_q_reg_6_D (->0)
(->2103->3585) testbench.chip.u_ibex_demo_system_u_top.gen_regfile_ff_register_file_i_g_rf_flops_28_rf_reg_q_reg_7_D (->0->1)
(->2910) testbench.chip.u_ibex_demo_system_u_top.gen_regfile_ff_register_file_i_g_rf_flops_28_rf_reg_q_reg_12_D (->1)
(->2909) testbench.chip.u_ibex_demo_system_u_top.gen_regfile_ff_register_file_i_g_rf_flops_28_rf_reg_q_reg_13_D (->1)
(->2909) testbench.chip.u_ibex_demo_system_u_top.gen_regfile_ff_register_file_i_g_rf_flops_28_rf_reg_q_reg_14_D (->1)
(->3568) testbench.chip.u_ibex_demo_system_u_top.gen_regfile_ff_register_file_i_g_rf_flops_28_rf_reg_q_reg_19_D (->1)
(->2079->3603) testbench.chip.u_ibex_demo_system_u_top.gen_regfile_ff_register_file_i_g_rf_flops_28_rf_reg_q_reg_20_D (->0->1)
(->3568) testbench.chip.u_ibex_demo_system_u_top.gen_regfile_ff_register_file_i_g_rf_flops_28_rf_reg_q_reg_24_D (->1)
(->3568) testbench.chip.u_ibex_demo_system_u_top.gen_regfile_ff_register_file_i_g_rf_flops_28_rf_reg_q_reg_26_D (->1)
(->3568) testbench.chip.u_ibex_demo_system_u_top.gen_regfile_ff_register_file_i_g_rf_flops_28_rf_reg_q_reg_27_D (->1)
(->3585) testbench.chip.u_ibex_demo_system_u_top.gen_regfile_ff_register_file_i_g_rf_flops_29_rf_reg_q_reg_0_D (->1)
(->2103->3585) testbench.chip.u_ibex_demo_system_u_top.gen_regfile_ff_register_file_i_g_rf_flops_29_rf_reg_q_reg_2_D (->0->1)
(->2103) testbench.chip.u_ibex_demo_system_u_top.gen_regfile_ff_register_file_i_g_rf_flops_29_rf_reg_q_reg_3_D (->0)
(->3585) testbench.chip.u_ibex_demo_system_u_top.gen_regfile_ff_register_file_i_g_rf_flops_29_rf_reg_q_reg_4_D (->1)
(->2103) testbench.chip.u_ibex_demo_system_u_top.gen_regfile_ff_register_file_i_g_rf_flops_29_rf_reg_q_reg_5_D (->0)
(->2105) testbench.chip.u_ibex_demo_system_u_top.gen_regfile_ff_register_file_i_g_rf_flops_29_rf_reg_q_reg_6_D (->0)
(->2103->3585) testbench.chip.u_ibex_demo_system_u_top.gen_regfile_ff_register_file_i_g_rf_flops_29_rf_reg_q_reg_7_D (->0->1)
(->2910) testbench.chip.u_ibex_demo_system_u_top.gen_regfile_ff_register_file_i_g_rf_flops_29_rf_reg_q_reg_12_D (->1)
(->2909) testbench.chip.u_ibex_demo_system_u_top.gen_regfile_ff_register_file_i_g_rf_flops_29_rf_reg_q_reg_13_D (->1)
(->2909) testbench.chip.u_ibex_demo_system_u_top.gen_regfile_ff_register_file_i_g_rf_flops_29_rf_reg_q_reg_14_D (->1)
(->3568) testbench.chip.u_ibex_demo_system_u_top.gen_regfile_ff_register_file_i_g_rf_flops_29_rf_reg_q_reg_19_D (->1)
(->2079->3603) testbench.chip.u_ibex_demo_system_u_top.gen_regfile_ff_register_file_i_g_rf_flops_29_rf_reg_q_reg_20_D (->0->1)
(->3568) testbench.chip.u_ibex_demo_system_u_top.gen_regfile_ff_register_file_i_g_rf_flops_29_rf_reg_q_reg_24_D (->1)
(->3568) testbench.chip.u_ibex_demo_system_u_top.gen_regfile_ff_register_file_i_g_rf_flops_29_rf_reg_q_reg_26_D (->1)
(->3568) testbench.chip.u_ibex_demo_system_u_top.gen_regfile_ff_register_file_i_g_rf_flops_29_rf_reg_q_reg_27_D (->1)
(->3585) testbench.chip.u_ibex_demo_system_u_top.gen_regfile_ff_register_file_i_g_rf_flops_30_rf_reg_q_reg_0_D (->1)
(->2103->3585) testbench.chip.u_ibex_demo_system_u_top.gen_regfile_ff_register_file_i_g_rf_flops_30_rf_reg_q_reg_2_D (->0->1)
(->2103) testbench.chip.u_ibex_demo_system_u_top.gen_regfile_ff_register_file_i_g_rf_flops_30_rf_reg_q_reg_3_D (->0)
(->3585) testbench.chip.u_ibex_demo_system_u_top.gen_regfile_ff_register_file_i_g_rf_flops_30_rf_reg_q_reg_4_D (->1)
(->2103) testbench.chip.u_ibex_demo_system_u_top.gen_regfile_ff_register_file_i_g_rf_flops_30_rf_reg_q_reg_5_D (->0)
(->2105) testbench.chip.u_ibex_demo_system_u_top.gen_regfile_ff_register_file_i_g_rf_flops_30_rf_reg_q_reg_6_D (->0)
(->2103->3585) testbench.chip.u_ibex_demo_system_u_top.gen_regfile_ff_register_file_i_g_rf_flops_30_rf_reg_q_reg_7_D (->0->1)
(->2910) testbench.chip.u_ibex_demo_system_u_top.gen_regfile_ff_register_file_i_g_rf_flops_30_rf_reg_q_reg_12_D (->1)
(->2909) testbench.chip.u_ibex_demo_system_u_top.gen_regfile_ff_register_file_i_g_rf_flops_30_rf_reg_q_reg_13_D (->1)
(->2909) testbench.chip.u_ibex_demo_system_u_top.gen_regfile_ff_register_file_i_g_rf_flops_30_rf_reg_q_reg_14_D (->1)
(->3568) testbench.chip.u_ibex_demo_system_u_top.gen_regfile_ff_register_file_i_g_rf_flops_30_rf_reg_q_reg_19_D (->1)
(->2079->3603) testbench.chip.u_ibex_demo_system_u_top.gen_regfile_ff_register_file_i_g_rf_flops_30_rf_reg_q_reg_20_D (->0->1)
(->3568) testbench.chip.u_ibex_demo_system_u_top.gen_regfile_ff_register_file_i_g_rf_flops_30_rf_reg_q_reg_24_D (->1)
(->3568) testbench.chip.u_ibex_demo_system_u_top.gen_regfile_ff_register_file_i_g_rf_flops_30_rf_reg_q_reg_26_D (->1)
(->3568) testbench.chip.u_ibex_demo_system_u_top.gen_regfile_ff_register_file_i_g_rf_flops_30_rf_reg_q_reg_27_D (->1)
(->3585) testbench.chip.u_ibex_demo_system_u_top.gen_regfile_ff_register_file_i_g_rf_flops_31_rf_reg_q_reg_0_D (->1)
(->2103->3585) testbench.chip.u_ibex_demo_system_u_top.gen_regfile_ff_register_file_i_g_rf_flops_31_rf_reg_q_reg_2_D (->0->1)
(->2103) testbench.chip.u_ibex_demo_system_u_top.gen_regfile_ff_register_file_i_g_rf_flops_31_rf_reg_q_reg_3_D (->0)
(->3585) testbench.chip.u_ibex_demo_system_u_top.gen_regfile_ff_register_file_i_g_rf_flops_31_rf_reg_q_reg_4_D (->1)
(->2103) testbench.chip.u_ibex_demo_system_u_top.gen_regfile_ff_register_file_i_g_rf_flops_31_rf_reg_q_reg_5_D (->0)
(->2105) testbench.chip.u_ibex_demo_system_u_top.gen_regfile_ff_register_file_i_g_rf_flops_31_rf_reg_q_reg_6_D (->0)
(->2103->3585) testbench.chip.u_ibex_demo_system_u_top.gen_regfile_ff_register_file_i_g_rf_flops_31_rf_reg_q_reg_7_D (->0->1)
(->2910) testbench.chip.u_ibex_demo_system_u_top.gen_regfile_ff_register_file_i_g_rf_flops_31_rf_reg_q_reg_12_D (->1)
(->2909) testbench.chip.u_ibex_demo_system_u_top.gen_regfile_ff_register_file_i_g_rf_flops_31_rf_reg_q_reg_13_D (->1)
(->2909) testbench.chip.u_ibex_demo_system_u_top.gen_regfile_ff_register_file_i_g_rf_flops_31_rf_reg_q_reg_14_D (->1)
(->3568) testbench.chip.u_ibex_demo_system_u_top.gen_regfile_ff_register_file_i_g_rf_flops_31_rf_reg_q_reg_19_D (->1)
(->2079->3603) testbench.chip.u_ibex_demo_system_u_top.gen_regfile_ff_register_file_i_g_rf_flops_31_rf_reg_q_reg_20_D (->0->1)
(->3568) testbench.chip.u_ibex_demo_system_u_top.gen_regfile_ff_register_file_i_g_rf_flops_31_rf_reg_q_reg_24_D (->1)
(->3568) testbench.chip.u_ibex_demo_system_u_top.gen_regfile_ff_register_file_i_g_rf_flops_31_rf_reg_q_reg_26_D (->1)
(->3568) testbench.chip.u_ibex_demo_system_u_top.gen_regfile_ff_register_file_i_g_rf_flops_31_rf_reg_q_reg_27_D (->1)
(->2037->2332) testbench.chip.u_ibex_demo_system_u_top.u_ibex_core_cs_registers_i_minstret_counter_i_counter_q_reg_2_D (->0->1)
(->2037->2332) testbench.chip.u_ibex_demo_system_u_top.u_ibex_core_cs_registers_i_minstret_counter_i_counter_q_reg_7_D (->0->1)
(->2437->2790) testbench.chip.u_ibex_demo_system_u_top.u_ibex_core_cs_registers_i_u_dcsr_csr_rdata_q_reg_2_D (->0->1)
(->2437->2790) testbench.chip.u_ibex_demo_system_u_top.u_ibex_core_cs_registers_i_u_dscratch0_csr_rdata_q_reg_2_D (->0->1)
(->2406->3019) testbench.chip.u_ibex_demo_system_u_top.u_ibex_core_cs_registers_i_u_dscratch0_csr_rdata_q_reg_3_D (->0->1)
(->2491->3056) testbench.chip.u_ibex_demo_system_u_top.u_ibex_core_cs_registers_i_u_dscratch0_csr_rdata_q_reg_5_D (->0->1)
(->2437->2790) testbench.chip.u_ibex_demo_system_u_top.u_ibex_core_cs_registers_i_u_dscratch1_csr_rdata_q_reg_2_D (->0->1)
(->2406->3019) testbench.chip.u_ibex_demo_system_u_top.u_ibex_core_cs_registers_i_u_dscratch1_csr_rdata_q_reg_3_D (->0->1)
(->2491->3056) testbench.chip.u_ibex_demo_system_u_top.u_ibex_core_cs_registers_i_u_dscratch1_csr_rdata_q_reg_5_D (->0->1)
(->2671->3026) testbench.chip.u_ibex_demo_system_u_top.u_ibex_core_cs_registers_i_u_mcause_csr_rdata_q_reg_2_D (->0->1)
(->2587->3217) testbench.chip.u_ibex_demo_system_u_top.u_ibex_core_cs_registers_i_u_mcause_csr_rdata_q_reg_3_D (->0->1)
(->2623->2984) testbench.chip.u_ibex_demo_system_u_top.u_ibex_core_cs_registers_i_u_mepc_csr_rdata_q_reg_2_D (->0->1)
(->2542->3212) testbench.chip.u_ibex_demo_system_u_top.u_ibex_core_cs_registers_i_u_mepc_csr_rdata_q_reg_3_D (->0->1)
(->2651->3223) testbench.chip.u_ibex_demo_system_u_top.u_ibex_core_cs_registers_i_u_mepc_csr_rdata_q_reg_5_D (->0->1)
(->2406->3019) testbench.chip.u_ibex_demo_system_u_top.u_ibex_core_cs_registers_i_u_mie_csr_rdata_q_reg_17_D (->0->1)
(->2437->2790) testbench.chip.u_ibex_demo_system_u_top.u_ibex_core_cs_registers_i_u_mscratch_csr_rdata_q_reg_2_D (->0->1)
(->2406->3019) testbench.chip.u_ibex_demo_system_u_top.u_ibex_core_cs_registers_i_u_mscratch_csr_rdata_q_reg_3_D (->0->1)
(->2491->3056) testbench.chip.u_ibex_demo_system_u_top.u_ibex_core_cs_registers_i_u_mscratch_csr_rdata_q_reg_5_D (->0->1)
(->2399->3056) testbench.chip.u_ibex_demo_system_u_top.u_ibex_core_cs_registers_i_u_mstatus_csr_rdata_q_reg_5_D (->0->1)
(->2623->2984) testbench.chip.u_ibex_demo_system_u_top.u_ibex_core_cs_registers_i_u_mtval_csr_rdata_q_reg_2_D (->0->1)
(->2542->3212) testbench.chip.u_ibex_demo_system_u_top.u_ibex_core_cs_registers_i_u_mtval_csr_rdata_q_reg_3_D (->0->1)
(->2651->3223) testbench.chip.u_ibex_demo_system_u_top.u_ibex_core_cs_registers_i_u_mtval_csr_rdata_q_reg_5_D (->0->1)
(->2009->2679) testbench.chip.u_ibex_demo_system_u_top.u_ibex_core_id_stage_i_id_fsm_q_reg_D (->1->0)
(->447) testbench.chip.u_ibex_demo_system_u_top.u_ibex_core_if_stage_i_gen_prefetch_buffer_prefetch_buffer_i_fetch_addr_q_reg_2_D (->0)
(->388) testbench.chip.u_ibex_demo_system_u_top.u_ibex_core_if_stage_i_gen_prefetch_buffer_prefetch_buffer_i_fetch_addr_q_reg_3_D (->1)
(->1012) testbench.chip.u_ibex_demo_system_u_top.u_ibex_core_if_stage_i_gen_prefetch_buffer_prefetch_buffer_i_fifo_i_instr_addr_q_reg_2_D (->0)
(->1036) testbench.chip.u_ibex_demo_system_u_top.u_ibex_core_if_stage_i_gen_prefetch_buffer_prefetch_buffer_i_fifo_i_instr_addr_q_reg_3_D (->0)
(->1202) testbench.chip.u_ibex_demo_system_u_top.u_ibex_core_if_stage_i_gen_prefetch_buffer_prefetch_buffer_i_fifo_i_instr_addr_q_reg_4_D (->0)
(->1517) testbench.chip.u_ibex_demo_system_u_top.u_ibex_core_if_stage_i_gen_prefetch_buffer_prefetch_buffer_i_fifo_i_instr_addr_q_reg_5_D (->0)
(->1608) testbench.chip.u_ibex_demo_system_u_top.u_ibex_core_if_stage_i_gen_prefetch_buffer_prefetch_buffer_i_fifo_i_instr_addr_q_reg_6_D (->1)
(->385) testbench.chip.u_ibex_demo_system_u_top.u_ibex_core_if_stage_i_gen_prefetch_buffer_prefetch_buffer_i_fifo_i_rdata_q_reg_36_D (->1)
(->386) testbench.chip.u_ibex_demo_system_u_top.u_ibex_core_if_stage_i_gen_prefetch_buffer_prefetch_buffer_i_fifo_i_rdata_q_reg_38_D (->1)
(->411) testbench.chip.u_ibex_demo_system_u_top.u_ibex_core_if_stage_i_gen_prefetch_buffer_prefetch_buffer_i_fifo_i_rdata_q_reg_39_D (->1)
(->459) testbench.chip.u_ibex_demo_system_u_top.u_ibex_core_if_stage_i_gen_prefetch_buffer_prefetch_buffer_i_fifo_i_rdata_q_reg_42_D (->0)
(->407) testbench.chip.u_ibex_demo_system_u_top.u_ibex_core_if_stage_i_gen_prefetch_buffer_prefetch_buffer_i_fifo_i_rdata_q_reg_43_D (->1)
(->406) testbench.chip.u_ibex_demo_system_u_top.u_ibex_core_if_stage_i_gen_prefetch_buffer_prefetch_buffer_i_fifo_i_rdata_q_reg_44_D (->1)
(->385) testbench.chip.u_ibex_demo_system_u_top.u_ibex_core_if_stage_i_gen_prefetch_buffer_prefetch_buffer_i_fifo_i_rdata_q_reg_45_D (->1)
(->385) testbench.chip.u_ibex_demo_system_u_top.u_ibex_core_if_stage_i_gen_prefetch_buffer_prefetch_buffer_i_fifo_i_rdata_q_reg_48_D (->1)
(->445) testbench.chip.u_ibex_demo_system_u_top.u_ibex_core_if_stage_i_gen_prefetch_buffer_prefetch_buffer_i_fifo_i_rdata_q_reg_49_D (->0)
(->385) testbench.chip.u_ibex_demo_system_u_top.u_ibex_core_if_stage_i_gen_prefetch_buffer_prefetch_buffer_i_fifo_i_rdata_q_reg_50_D (->1)
(->445) testbench.chip.u_ibex_demo_system_u_top.u_ibex_core_if_stage_i_gen_prefetch_buffer_prefetch_buffer_i_fifo_i_rdata_q_reg_53_D (->0)
(->385) testbench.chip.u_ibex_demo_system_u_top.u_ibex_core_if_stage_i_gen_prefetch_buffer_prefetch_buffer_i_fifo_i_rdata_q_reg_54_D (->1)
(->385) testbench.chip.u_ibex_demo_system_u_top.u_ibex_core_if_stage_i_gen_prefetch_buffer_prefetch_buffer_i_fifo_i_rdata_q_reg_55_D (->1)
(->385) testbench.chip.u_ibex_demo_system_u_top.u_ibex_core_if_stage_i_gen_prefetch_buffer_prefetch_buffer_i_fifo_i_rdata_q_reg_56_D (->1)
(->385) testbench.chip.u_ibex_demo_system_u_top.u_ibex_core_if_stage_i_gen_prefetch_buffer_prefetch_buffer_i_fifo_i_rdata_q_reg_60_D (->1)
(->385) testbench.chip.u_ibex_demo_system_u_top.u_ibex_core_if_stage_i_gen_prefetch_buffer_prefetch_buffer_i_fifo_i_rdata_q_reg_61_D (->1)
(->445) testbench.chip.u_ibex_demo_system_u_top.u_ibex_core_if_stage_i_gen_prefetch_buffer_prefetch_buffer_i_fifo_i_rdata_q_reg_62_D (->0)
(->445) testbench.chip.u_ibex_demo_system_u_top.u_ibex_core_if_stage_i_gen_prefetch_buffer_prefetch_buffer_i_fifo_i_rdata_q_reg_63_D (->0)
(->1542) testbench.chip.u_ibex_demo_system_u_top.u_ibex_core_if_stage_i_gen_prefetch_buffer_prefetch_buffer_i_rdata_outstanding_q_reg_0_D (->0)
(->1125) testbench.chip.u_ibex_demo_system_u_top.u_ibex_core_if_stage_i_instr_is_compressed_id_o_reg_D (->0)
(->1411->1753) testbench.chip.u_ibex_demo_system_u_top.u_ibex_core_if_stage_i_instr_rdata_alu_id_o_reg_4_D (->1->0)
(->1809) testbench.chip.u_ibex_demo_system_u_top.u_ibex_core_if_stage_i_instr_rdata_alu_id_o_reg_5_D (->1)
(->1767) testbench.chip.u_ibex_demo_system_u_top.u_ibex_core_if_stage_i_instr_rdata_alu_id_o_reg_6_D (->1)
(->2022) testbench.chip.u_ibex_demo_system_u_top.u_ibex_core_if_stage_i_instr_rdata_alu_id_o_reg_12_D (->1)
(->1689->1937->2099) testbench.chip.u_ibex_demo_system_u_top.u_ibex_core_if_stage_i_instr_rdata_alu_id_o_reg_25_D (->1->0->1)
(->1739->2700) testbench.chip.u_ibex_demo_system_u_top.u_ibex_core_if_stage_i_instr_rdata_alu_id_o_reg_26_D (->1->0)
(->2185) testbench.chip.u_ibex_demo_system_u_top.u_ibex_core_if_stage_i_instr_rdata_alu_id_o_reg_27_D (->1)
(->1699) testbench.chip.u_ibex_demo_system_u_top.u_ibex_core_if_stage_i_instr_rdata_alu_id_o_reg_28_D (->1)
(->1666) testbench.chip.u_ibex_demo_system_u_top.u_ibex_core_if_stage_i_instr_rdata_alu_id_o_reg_29_D (->1)
(->1667) testbench.chip.u_ibex_demo_system_u_top.u_ibex_core_if_stage_i_instr_rdata_alu_id_o_reg_31_D (->1)
(->936) testbench.chip.u_ibex_demo_system_u_top.u_ibex_core_if_stage_i_instr_rdata_c_id_o_reg_0_D (->1)
(->995) testbench.chip.u_ibex_demo_system_u_top.u_ibex_core_if_stage_i_instr_rdata_c_id_o_reg_1_D (->1)
(->1782) testbench.chip.u_ibex_demo_system_u_top.u_ibex_core_if_stage_i_instr_rdata_c_id_o_reg_2_D (->0)
(->1663) testbench.chip.u_ibex_demo_system_u_top.u_ibex_core_if_stage_i_instr_rdata_c_id_o_reg_4_D (->0)
(->1314) testbench.chip.u_ibex_demo_system_u_top.u_ibex_core_if_stage_i_instr_rdata_c_id_o_reg_5_D (->1)
(->1529) testbench.chip.u_ibex_demo_system_u_top.u_ibex_core_if_stage_i_instr_rdata_c_id_o_reg_6_D (->1)
(->1263) testbench.chip.u_ibex_demo_system_u_top.u_ibex_core_if_stage_i_instr_rdata_c_id_o_reg_8_D (->0)
(->1497) testbench.chip.u_ibex_demo_system_u_top.u_ibex_core_if_stage_i_instr_rdata_c_id_o_reg_10_D (->1)
(->1510) testbench.chip.u_ibex_demo_system_u_top.u_ibex_core_if_stage_i_instr_rdata_c_id_o_reg_11_D (->1)
(->1434) testbench.chip.u_ibex_demo_system_u_top.u_ibex_core_if_stage_i_instr_rdata_c_id_o_reg_12_D (->1)
(->1973) testbench.chip.u_ibex_demo_system_u_top.u_ibex_core_if_stage_i_instr_rdata_c_id_o_reg_14_D (->0)
(->1526->2209) testbench.chip.u_ibex_demo_system_u_top.u_ibex_core_if_stage_i_instr_rdata_id_o_reg_7_D (->0->1)
(->1588->2046) testbench.chip.u_ibex_demo_system_u_top.u_ibex_core_if_stage_i_instr_rdata_id_o_reg_9_D (->0->1)
(->1545->1698) testbench.chip.u_ibex_demo_system_u_top.u_ibex_core_if_stage_i_instr_rdata_id_o_reg_10_D (->0->1)
(->1706) testbench.chip.u_ibex_demo_system_u_top.u_ibex_core_if_stage_i_instr_rdata_id_o_reg_11_D (->1)
(->2019) testbench.chip.u_ibex_demo_system_u_top.u_ibex_core_if_stage_i_instr_rdata_id_o_reg_15_D (->0)
(->2041) testbench.chip.u_ibex_demo_system_u_top.u_ibex_core_if_stage_i_instr_rdata_id_o_reg_16_D (->0)
(->1977->2123) testbench.chip.u_ibex_demo_system_u_top.u_ibex_core_if_stage_i_instr_rdata_id_o_reg_17_D (->0->1)
(->1577->1775) testbench.chip.u_ibex_demo_system_u_top.u_ibex_core_if_stage_i_instr_rdata_id_o_reg_18_D (->0->1)
(->648) testbench.chip.u_ibex_demo_system_u_top.u_ibex_core_if_stage_i_pc_id_o_reg_1_D (->1)
(->2871->3216) testbench.chip.u_ibex_demo_system_u_top.u_ibex_core_load_store_unit_i_addr_last_q_reg_2_D (->0->1)
(->2724->3271) testbench.chip.u_ibex_demo_system_u_top.u_ibex_core_load_store_unit_i_addr_last_q_reg_3_D (->0->1)
(->2920->3417) testbench.chip.u_ibex_demo_system_u_top.u_ibex_core_load_store_unit_i_addr_last_q_reg_5_D (->0->1)
(->392) testbench.chip.u_ibex_demo_system_u_top.u_ibex_core_load_store_unit_i_rdata_q_reg_9_D (->0)
(->393) testbench.chip.u_ibex_demo_system_u_top.u_ibex_core_load_store_unit_i_rdata_q_reg_11_D (->0)
(->393) testbench.chip.u_ibex_demo_system_u_top.u_ibex_core_load_store_unit_i_rdata_q_reg_15_D (->0)
(->267) testbench.chip.u_ibex_demo_system_u_top.u_ibex_core_load_store_unit_i_rdata_q_reg_19_D (->1)
(->248) testbench.chip.u_ibex_demo_system_u_top.u_ibex_core_load_store_unit_i_rdata_q_reg_24_D (->1)
(->248) testbench.chip.u_ibex_demo_system_u_top.u_ibex_core_load_store_unit_i_rdata_q_reg_26_D (->1)
(->248) testbench.chip.u_ibex_demo_system_u_top.u_ibex_core_load_store_unit_i_rdata_q_reg_27_D (->1)
(->500) testbench.chip.u_ibex_demo_system_u_top.u_ibex_core_wb_stage_i_g_writeback_stage_rf_waddr_wb_q_reg_0_D (->1)
(->3227->3474) testbench.chip.u_ibex_demo_system_u_top.u_ibex_core_wb_stage_i_g_writeback_stage_rf_wdata_wb_q_reg_2_D (->0->1)
(->3069->3509) testbench.chip.u_ibex_demo_system_u_top.u_ibex_core_wb_stage_i_g_writeback_stage_rf_wdata_wb_q_reg_3_D (->0->1)
(->3269->3664) testbench.chip.u_ibex_demo_system_u_top.u_ibex_core_wb_stage_i_g_writeback_stage_rf_wdata_wb_q_reg_5_D (->0->1)
(->447) testbench.chip.u_ibex_demo_system_u_top.u_ibex_core_wb_stage_i_g_writeback_stage_wb_pc_q_reg_2_D (->0)
(->390) testbench.chip.u_ibex_demo_system_u_top.u_ibex_core_wb_stage_i_g_writeback_stage_wb_pc_q_reg_3_D (->1)
(->2558->4075) testbench.chip.u_ibex_demo_system_u_top.u_ibex_core_wb_stage_i_g_writeback_stage_wb_valid_q_reg_D (->0->1)
(->2437->2790) testbench.chip.u_ibex_demo_system_u_top.u_ibex_core_cs_registers_i_mcountinhibit_q_reg_2_D (->0->1)
(->650) testbench.chip.u_ibex_demo_system_u_top.u_ibex_core_cs_registers_i_mcycle_counter_i_counter_q_reg_0_D (->0)
(->868) testbench.chip.u_ibex_demo_system_u_top.u_ibex_core_cs_registers_i_mcycle_counter_i_counter_q_reg_1_D (->0)
(->836) testbench.chip.u_ibex_demo_system_u_top.u_ibex_core_cs_registers_i_mcycle_counter_i_counter_q_reg_2_D (->0)
(->1090) testbench.chip.u_ibex_demo_system_u_top.u_ibex_core_cs_registers_i_mcycle_counter_i_counter_q_reg_3_D (->0)
(->1015) testbench.chip.u_ibex_demo_system_u_top.u_ibex_core_cs_registers_i_mcycle_counter_i_counter_q_reg_4_D (->0)
(->1205) testbench.chip.u_ibex_demo_system_u_top.u_ibex_core_cs_registers_i_mcycle_counter_i_counter_q_reg_5_D (->1)
(->711->1599->2715) testbench.chip.u_ibex_demo_system_u_top.u_ibex_core_cs_registers_i_minstret_counter_i_counter_q_reg_0_D (->1->0->1)
(->1102->1428) testbench.chip.u_ibex_demo_system_u_top.u_ibex_core_if_stage_i_gen_prefetch_buffer_prefetch_buffer_i_fifo_i_instr_addr_q_reg_1_D (->0->1)
(->1038->1906) testbench.chip.u_ibex_demo_system_u_top.u_ibex_core_if_stage_i_gen_prefetch_buffer_prefetch_buffer_i_fifo_i_valid_q_reg_1_D (->0->1)
(->2283->3751) testbench.chip.u_ibex_demo_system_u_top.u_ibex_core_if_stage_i_gen_prefetch_buffer_prefetch_buffer_i_fifo_i_valid_q_reg_2_D (->1->0)
(->1779) testbench.chip.u_ibex_demo_system_u_top.u_ibex_core_if_stage_i_instr_rdata_id_o_reg_23_D (->1)
(->2195->2817->3100->3976) testbench.chip.u_ibex_demo_system_u_top.u_ibex_core_if_stage_i_instr_valid_id_q_reg_D (->0->1->0->1)
(->1462->2319) testbench.chip.u_ibex_demo_system_u_top.u_ibex_core_if_stage_i_instr_rdata_alu_id_o_reg_14_D (->1->0)
(->2189) testbench.chip.u_ibex_demo_system_u_top.u_ibex_core_if_stage_i_instr_rdata_id_o_reg_20_D (->1)
(->1644) testbench.chip.u_ibex_demo_system_u_top.u_ibex_core_if_stage_i_instr_rdata_alu_id_o_reg_13_D (->0)
(->1687) testbench.chip.u_ibex_demo_system_u_top.u_ibex_core_if_stage_i_instr_rdata_alu_id_o_reg_30_D (->1)
(->2229) testbench.chip.u_ibex_demo_system_u_top.u_ibex_core_if_stage_i_instr_rdata_id_o_reg_22_D (->1)
