Cycle923 4670053060ps-4670077060ps
(->2042) msp430Inst_1.openmsp430_0.execution_unit_0.mab_lsb_reg_D (->1)
(->1888->4160) msp430Inst_1.openmsp430_0.execution_unit_0.mdb_out_nxt_reg_0_D (->1->0)
(->7055) msp430Inst_1.openmsp430_0.execution_unit_0.mdb_out_nxt_reg_1_D (->0)
(->8296) msp430Inst_1.openmsp430_0.execution_unit_0.mdb_out_nxt_reg_2_D (->0)
(->6384) msp430Inst_1.openmsp430_0.execution_unit_0.mdb_out_nxt_reg_3_D (->0)
(->7440) msp430Inst_1.openmsp430_0.execution_unit_0.mdb_out_nxt_reg_4_D (->0)
(->8212) msp430Inst_1.openmsp430_0.execution_unit_0.mdb_out_nxt_reg_5_D (->0)
(->8545) msp430Inst_1.openmsp430_0.execution_unit_0.mdb_out_nxt_reg_6_D (->0)
(->8893) msp430Inst_1.openmsp430_0.execution_unit_0.mdb_out_nxt_reg_7_D (->0)
(->7142) msp430Inst_1.openmsp430_0.execution_unit_0.mdb_out_nxt_reg_8_D (->0)
(->4308->5080->8192->8815) msp430Inst_1.openmsp430_0.execution_unit_0.mdb_out_nxt_reg_10_D (->1->0->1->0)
(->4895->5556->7298->9031->9879) msp430Inst_1.openmsp430_0.execution_unit_0.mdb_out_nxt_reg_12_D (->0->1->0->1->0)
(->9471->10242) msp430Inst_1.openmsp430_0.execution_unit_0.mdb_out_nxt_reg_13_D (->1->0)
(->4569->5393->9495->10310) msp430Inst_1.openmsp430_0.execution_unit_0.mdb_out_nxt_reg_14_D (->1->0->1->0)
(->4628->6174->10023->10957) msp430Inst_1.openmsp430_0.execution_unit_0.mdb_out_nxt_reg_15_D (->1->0->1->0)
(->5323->9638->10556) msp430Inst_1.openmsp430_0.execution_unit_0.register_file_0.r2_reg_0_D (->1->0->1)
(->11904) msp430Inst_1.openmsp430_0.execution_unit_0.register_file_0.r2_reg_1_D (->1)
(->4598->6072->9993->10837) msp430Inst_1.openmsp430_0.execution_unit_0.register_file_0.r2_reg_2_D (->1->0->1->0)
(->1524->3564) msp430Inst_1.openmsp430_0.execution_unit_0.register_file_0.r3_reg_0_D (->1->0)
(->6208) msp430Inst_1.openmsp430_0.execution_unit_0.register_file_0.r3_reg_1_D (->0)
(->7406) msp430Inst_1.openmsp430_0.execution_unit_0.register_file_0.r3_reg_2_D (->0)
(->5460) msp430Inst_1.openmsp430_0.execution_unit_0.register_file_0.r3_reg_3_D (->0)
(->6806) msp430Inst_1.openmsp430_0.execution_unit_0.register_file_0.r3_reg_4_D (->0)
(->7469) msp430Inst_1.openmsp430_0.execution_unit_0.register_file_0.r3_reg_5_D (->0)
(->7764) msp430Inst_1.openmsp430_0.execution_unit_0.register_file_0.r3_reg_6_D (->0)
(->8077) msp430Inst_1.openmsp430_0.execution_unit_0.register_file_0.r3_reg_7_D (->0)
(->8277) msp430Inst_1.openmsp430_0.execution_unit_0.register_file_0.r3_reg_8_D (->0)
(->5306->6427->7709) msp430Inst_1.openmsp430_0.execution_unit_0.register_file_0.r3_reg_12_D (->0->1->0)
(->10127->10723) msp430Inst_1.openmsp430_0.execution_unit_0.register_file_0.r3_reg_13_D (->1->0)
(->5027->5682->9953->10599) msp430Inst_1.openmsp430_0.execution_unit_0.register_file_0.r3_reg_14_D (->1->0->1->0)
(->4836->6138->10231->10921) msp430Inst_1.openmsp430_0.execution_unit_0.register_file_0.r3_reg_15_D (->1->0->1->0)
(->2921->4453) msp430Inst_1.openmsp430_0.execution_unit_0.register_file_0.r14_reg_1_D (->0->1)
(->2838->4426) msp430Inst_1.openmsp430_0.execution_unit_0.register_file_0.r14_reg_2_D (->0->1)
(->2866->4469) msp430Inst_1.openmsp430_0.execution_unit_0.register_file_0.r14_reg_3_D (->0->1)
(->2839->4430) msp430Inst_1.openmsp430_0.execution_unit_0.register_file_0.r14_reg_4_D (->0->1)
(->2811->4388) msp430Inst_1.openmsp430_0.execution_unit_0.register_file_0.r14_reg_5_D (->0->1)
(->2834->4421) msp430Inst_1.openmsp430_0.execution_unit_0.register_file_0.r14_reg_6_D (->0->1)
(->2851->4443) msp430Inst_1.openmsp430_0.execution_unit_0.register_file_0.r14_reg_7_D (->0->1)
(->2815->4389) msp430Inst_1.openmsp430_0.execution_unit_0.register_file_0.r14_reg_8_D (->0->1)
(->2918->4542) msp430Inst_1.openmsp430_0.execution_unit_0.register_file_0.r14_reg_12_D (->0->1)
(->3524) msp430Inst_1.openmsp430_0.frontend_0.exec_jmp_reg_D (->1)
(->1952) msp430Inst_1.openmsp430_0.frontend_0.inst_ad_reg_0_D (->0)
(->2496) msp430Inst_1.openmsp430_0.frontend_0.inst_alu_reg_0_D (->0)
(->2456) msp430Inst_1.openmsp430_0.frontend_0.inst_alu_reg_1_D (->0)
(->2318->3332) msp430Inst_1.openmsp430_0.frontend_0.inst_alu_reg_2_D (->1->0)
(->2484->2908) msp430Inst_1.openmsp430_0.frontend_0.inst_alu_reg_7_D (->1->0)
(->3929) msp430Inst_1.openmsp430_0.frontend_0.inst_alu_reg_9_D (->0)
(->1602) msp430Inst_1.openmsp430_0.frontend_0.inst_alu_reg_11_D (->0)
(->3886) msp430Inst_1.openmsp430_0.frontend_0.inst_as_reg_0_D (->1)
(->3484) msp430Inst_1.openmsp430_0.frontend_0.inst_as_reg_7_D (->0)
(->2026->3019) msp430Inst_1.openmsp430_0.frontend_0.inst_bw_reg_D (->1->0)
(->1136) msp430Inst_1.openmsp430_0.frontend_0.inst_dest_bin_reg_0_D (->0)
(->1189) msp430Inst_1.openmsp430_0.frontend_0.inst_dest_bin_reg_2_D (->0)
(->1136) msp430Inst_1.openmsp430_0.frontend_0.inst_dext_reg_0_D (->0)
(->1189) msp430Inst_1.openmsp430_0.frontend_0.inst_dext_reg_2_D (->0)
(->2378) msp430Inst_1.openmsp430_0.frontend_0.inst_dext_reg_4_D (->1)
(->2385) msp430Inst_1.openmsp430_0.frontend_0.inst_dext_reg_5_D (->1)
(->2287) msp430Inst_1.openmsp430_0.frontend_0.inst_dext_reg_6_D (->1)
(->2429) msp430Inst_1.openmsp430_0.frontend_0.inst_dext_reg_7_D (->1)
(->1723) msp430Inst_1.openmsp430_0.frontend_0.inst_dext_reg_12_D (->0)
(->2348) msp430Inst_1.openmsp430_0.frontend_0.inst_dext_reg_13_D (->1)
(->1137) msp430Inst_1.openmsp430_0.frontend_0.inst_dext_reg_15_D (->0)
(->1138) msp430Inst_1.openmsp430_0.frontend_0.inst_jmp_bin_reg_2_D (->0)
(->3362->4162) msp430Inst_1.openmsp430_0.frontend_0.inst_sext_reg_0_D (->1->0)
(->2401->3557) msp430Inst_1.openmsp430_0.frontend_0.inst_sext_reg_1_D (->1->0)
(->3510) msp430Inst_1.openmsp430_0.frontend_0.inst_sext_reg_2_D (->1)
(->2559->3579) msp430Inst_1.openmsp430_0.frontend_0.inst_sext_reg_3_D (->1->0)
(->3275) msp430Inst_1.openmsp430_0.frontend_0.inst_sext_reg_4_D (->1)
(->3253) msp430Inst_1.openmsp430_0.frontend_0.inst_sext_reg_5_D (->1)
(->3232) msp430Inst_1.openmsp430_0.frontend_0.inst_sext_reg_6_D (->1)
(->3263) msp430Inst_1.openmsp430_0.frontend_0.inst_sext_reg_7_D (->1)
(->3260) msp430Inst_1.openmsp430_0.frontend_0.inst_sext_reg_8_D (->1)
(->3270) msp430Inst_1.openmsp430_0.frontend_0.inst_sext_reg_9_D (->1)
(->4010) msp430Inst_1.openmsp430_0.frontend_0.inst_sext_reg_10_D (->1)
(->4024) msp430Inst_1.openmsp430_0.frontend_0.inst_sext_reg_11_D (->1)
(->4022) msp430Inst_1.openmsp430_0.frontend_0.inst_sext_reg_12_D (->1)
(->4030) msp430Inst_1.openmsp430_0.frontend_0.inst_sext_reg_13_D (->1)
(->4017) msp430Inst_1.openmsp430_0.frontend_0.inst_sext_reg_14_D (->1)
(->4045) msp430Inst_1.openmsp430_0.frontend_0.inst_sext_reg_15_D (->1)
(->2493) msp430Inst_1.openmsp430_0.frontend_0.inst_type_reg_1_D (->1)
(->2474) msp430Inst_1.openmsp430_0.frontend_0.inst_type_reg_2_D (->0)
(->1354) msp430Inst_1.openmsp430_0.frontend_0.pc_reg_1_D (->1)
(->236) msp430Inst_1.openmsp430_0.mem_backbone_0.pmem_dout_bckup_reg_0_D (->0)
(->236) msp430Inst_1.openmsp430_0.mem_backbone_0.pmem_dout_bckup_reg_2_D (->0)
(->236) msp430Inst_1.openmsp430_0.mem_backbone_0.pmem_dout_bckup_reg_4_D (->1)
(->236) msp430Inst_1.openmsp430_0.mem_backbone_0.pmem_dout_bckup_reg_5_D (->1)
(->236) msp430Inst_1.openmsp430_0.mem_backbone_0.pmem_dout_bckup_reg_6_D (->1)
(->236) msp430Inst_1.openmsp430_0.mem_backbone_0.pmem_dout_bckup_reg_7_D (->1)
(->211) msp430Inst_1.openmsp430_0.mem_backbone_0.pmem_dout_bckup_reg_12_D (->0)
(->211) msp430Inst_1.openmsp430_0.mem_backbone_0.pmem_dout_bckup_reg_13_D (->1)
(->211) msp430Inst_1.openmsp430_0.mem_backbone_0.pmem_dout_bckup_reg_15_D (->0)
