Cycle924 4670077060ps-4670101060ps
(->667) msp430Inst_1.openmsp430_0.execution_unit_0.mdb_out_nxt_reg_1_Q (->0)
(->625) msp430Inst_1.openmsp430_0.execution_unit_0.mdb_out_nxt_reg_2_Q (->0)
(->612) msp430Inst_1.openmsp430_0.execution_unit_0.mdb_out_nxt_reg_3_Q (->0)
(->629) msp430Inst_1.openmsp430_0.execution_unit_0.mdb_out_nxt_reg_4_Q (->0)
(->621) msp430Inst_1.openmsp430_0.execution_unit_0.mdb_out_nxt_reg_5_Q (->0)
(->620) msp430Inst_1.openmsp430_0.execution_unit_0.mdb_out_nxt_reg_6_Q (->0)
(->609) msp430Inst_1.openmsp430_0.execution_unit_0.mdb_out_nxt_reg_7_Q (->0)
(->603) msp430Inst_1.openmsp430_0.execution_unit_0.mdb_out_nxt_reg_8_Q (->0)
(->620) msp430Inst_1.openmsp430_0.execution_unit_0.mdb_out_nxt_reg_12_Q (->0)
(->955) msp430Inst_1.openmsp430_0.execution_unit_0.register_file_0.r2_reg_0_Q (->1)
(->715) msp430Inst_1.openmsp430_0.execution_unit_0.register_file_0.r2_reg_1_Q (->1)
(->695) msp430Inst_1.openmsp430_0.frontend_0.exec_jmp_reg_Q (->1)
(->658) msp430Inst_1.openmsp430_0.frontend_0.inst_ad_reg_0_Q (->0)
(->612) msp430Inst_1.openmsp430_0.frontend_0.inst_alu_reg_0_Q (->0)
(->572) msp430Inst_1.openmsp430_0.frontend_0.inst_alu_reg_1_Q (->0)
(->623) msp430Inst_1.openmsp430_0.frontend_0.inst_alu_reg_9_Q (->0)
(->599) msp430Inst_1.openmsp430_0.frontend_0.inst_alu_reg_11_Q (->0)
(->723) msp430Inst_1.openmsp430_0.frontend_0.inst_as_reg_0_Q (->1)
(->615) msp430Inst_1.openmsp430_0.frontend_0.inst_as_reg_7_Q (->0)
(->649) msp430Inst_1.openmsp430_0.frontend_0.inst_dest_bin_reg_0_Q (->0)
(->707) msp430Inst_1.openmsp430_0.frontend_0.inst_dest_bin_reg_2_Q (->0)
(->607) msp430Inst_1.openmsp430_0.frontend_0.inst_jmp_bin_reg_2_Q (->0)
(->728) msp430Inst_1.openmsp430_0.frontend_0.inst_sext_reg_2_Q (->1)
(->688) msp430Inst_1.openmsp430_0.frontend_0.inst_sext_reg_4_Q (->1)
(->704) msp430Inst_1.openmsp430_0.frontend_0.inst_sext_reg_5_Q (->1)
(->688) msp430Inst_1.openmsp430_0.frontend_0.inst_sext_reg_6_Q (->1)
(->708) msp430Inst_1.openmsp430_0.frontend_0.inst_sext_reg_7_Q (->1)
(->705) msp430Inst_1.openmsp430_0.frontend_0.inst_sext_reg_8_Q (->1)
(->708) msp430Inst_1.openmsp430_0.frontend_0.inst_sext_reg_9_Q (->1)
(->701) msp430Inst_1.openmsp430_0.frontend_0.inst_sext_reg_10_Q (->1)
(->714) msp430Inst_1.openmsp430_0.frontend_0.inst_sext_reg_11_Q (->1)
(->723) msp430Inst_1.openmsp430_0.frontend_0.inst_sext_reg_12_Q (->1)
(->721) msp430Inst_1.openmsp430_0.frontend_0.inst_sext_reg_13_Q (->1)
(->704) msp430Inst_1.openmsp430_0.frontend_0.inst_sext_reg_14_Q (->1)
(->728) msp430Inst_1.openmsp430_0.frontend_0.inst_sext_reg_15_Q (->1)
(->732) msp430Inst_1.openmsp430_0.frontend_0.inst_type_reg_1_Q (->1)
(->723) msp430Inst_1.openmsp430_0.frontend_0.inst_type_reg_2_Q (->0)
(->757) msp430Inst_1.openmsp430_0.frontend_0.pc_reg_1_Q (->1)
