Cycle924 5613421060ps-5613445060ps
(->738) msp430Inst_1.openmsp430_0.execution_unit_0.mdb_in_buf_en_reg_Q (->0)
(->774) msp430Inst_1.openmsp430_0.execution_unit_0.mdb_out_nxt_reg_0_Q (->1)
(->799) msp430Inst_1.openmsp430_0.execution_unit_0.mdb_out_nxt_reg_1_Q (->1)
(->744) msp430Inst_1.openmsp430_0.execution_unit_0.mdb_out_nxt_reg_2_Q (->1)
(->609) msp430Inst_1.openmsp430_0.execution_unit_0.mdb_out_nxt_reg_7_Q (->0)
(->620) msp430Inst_1.openmsp430_0.execution_unit_0.mdb_out_nxt_reg_12_Q (->0)
(->627) msp430Inst_1.openmsp430_0.execution_unit_0.mdb_out_nxt_reg_13_Q (->0)
(->612) msp430Inst_1.openmsp430_0.execution_unit_0.mdb_out_nxt_reg_14_Q (->0)
(->622) msp430Inst_1.openmsp430_0.execution_unit_0.mdb_out_nxt_reg_15_Q (->0)
(->818) msp430Inst_1.openmsp430_0.execution_unit_0.register_file_0.r13_reg_2_Q (->1)
(->748) msp430Inst_1.openmsp430_0.execution_unit_0.register_file_0.r13_reg_3_Q (->1)
(->572) msp430Inst_1.openmsp430_0.execution_unit_0.register_file_0.r13_reg_4_Q (->0)
(->560) msp430Inst_1.openmsp430_0.execution_unit_0.register_file_0.r13_reg_9_Q (->0)
(->701) msp430Inst_1.openmsp430_0.frontend_0.inst_alu_reg_0_Q (->1)
(->655) msp430Inst_1.openmsp430_0.frontend_0.inst_alu_reg_1_Q (->1)
(->701) msp430Inst_1.openmsp430_0.frontend_0.inst_alu_reg_3_Q (->1)
(->720) msp430Inst_1.openmsp430_0.frontend_0.inst_alu_reg_9_Q (->1)
(->697) msp430Inst_1.openmsp430_0.frontend_0.inst_alu_reg_11_Q (->1)
(->723) msp430Inst_1.openmsp430_0.frontend_0.inst_as_reg_0_Q (->1)
(->610) msp430Inst_1.openmsp430_0.frontend_0.inst_as_reg_5_Q (->0)
(->745) msp430Inst_1.openmsp430_0.frontend_0.inst_bw_reg_Q (->0)
(->693) msp430Inst_1.openmsp430_0.frontend_0.inst_jmp_bin_reg_0_Q (->1)
(->681) msp430Inst_1.openmsp430_0.frontend_0.inst_jmp_bin_reg_1_Q (->1)
(->598) msp430Inst_1.openmsp430_0.frontend_0.inst_jmp_bin_reg_2_Q (->1)
(->590) msp430Inst_1.openmsp430_0.frontend_0.inst_mov_reg_Q (->0)
(->631) msp430Inst_1.openmsp430_0.frontend_0.inst_src_bin_reg_2_Q (->1)
(->663) msp430Inst_1.openmsp430_0.frontend_0.inst_src_bin_reg_3_Q (->1)
(->566) msp430Inst_1.openmsp430_0.frontend_0.inst_sz_reg_0_Q (->0)
(->757) msp430Inst_1.openmsp430_0.frontend_0.pc_reg_1_Q (->1)
