Cycle923 5613397060ps-5613421060ps
(->1216) msp430Inst_1.openmsp430_0.execution_unit_0.mdb_in_buf_en_reg_D (->0)
(->1201->1846) msp430Inst_1.openmsp430_0.execution_unit_0.mdb_in_buf_valid_reg_D (->1->0)
(->4796) msp430Inst_1.openmsp430_0.execution_unit_0.mdb_out_nxt_reg_0_D (->1)
(->3021) msp430Inst_1.openmsp430_0.execution_unit_0.mdb_out_nxt_reg_1_D (->1)
(->5277) msp430Inst_1.openmsp430_0.execution_unit_0.mdb_out_nxt_reg_2_D (->1)
(->5293) msp430Inst_1.openmsp430_0.execution_unit_0.mdb_out_nxt_reg_7_D (->0)
(->4742) msp430Inst_1.openmsp430_0.execution_unit_0.mdb_out_nxt_reg_12_D (->0)
(->4866) msp430Inst_1.openmsp430_0.execution_unit_0.mdb_out_nxt_reg_13_D (->0)
(->4845) msp430Inst_1.openmsp430_0.execution_unit_0.mdb_out_nxt_reg_14_D (->0)
(->4460) msp430Inst_1.openmsp430_0.execution_unit_0.mdb_out_nxt_reg_15_D (->0)
(->4432) msp430Inst_1.openmsp430_0.execution_unit_0.register_file_0.r3_reg_0_D (->1)
(->4852) msp430Inst_1.openmsp430_0.execution_unit_0.register_file_0.r3_reg_2_D (->1)
(->4477) msp430Inst_1.openmsp430_0.execution_unit_0.register_file_0.r3_reg_7_D (->0)
(->6248) msp430Inst_1.openmsp430_0.execution_unit_0.register_file_0.r13_reg_2_D (->1)
(->4995) msp430Inst_1.openmsp430_0.execution_unit_0.register_file_0.r13_reg_3_D (->1)
(->5882) msp430Inst_1.openmsp430_0.execution_unit_0.register_file_0.r13_reg_4_D (->0)
(->5038->5837) msp430Inst_1.openmsp430_0.execution_unit_0.register_file_0.r13_reg_7_D (->1->0)
(->5884) msp430Inst_1.openmsp430_0.execution_unit_0.register_file_0.r13_reg_9_D (->0)
(->1173->2037) msp430Inst_1.openmsp430_0.frontend_0.i_state_reg_1_D (->0->1)
(->2654) msp430Inst_1.openmsp430_0.frontend_0.inst_ad_reg_0_D (->1)
(->4780) msp430Inst_1.openmsp430_0.frontend_0.inst_alu_reg_0_D (->1)
(->4780) msp430Inst_1.openmsp430_0.frontend_0.inst_alu_reg_1_D (->1)
(->4305) msp430Inst_1.openmsp430_0.frontend_0.inst_alu_reg_3_D (->1)
(->4122) msp430Inst_1.openmsp430_0.frontend_0.inst_alu_reg_9_D (->1)
(->2472) msp430Inst_1.openmsp430_0.frontend_0.inst_alu_reg_10_D (->0)
(->5148) msp430Inst_1.openmsp430_0.frontend_0.inst_alu_reg_11_D (->1)
(->4380) msp430Inst_1.openmsp430_0.frontend_0.inst_as_reg_0_D (->1)
(->4995) msp430Inst_1.openmsp430_0.frontend_0.inst_as_reg_5_D (->0)
(->4131) msp430Inst_1.openmsp430_0.frontend_0.inst_bw_reg_D (->0)
(->1209) msp430Inst_1.openmsp430_0.frontend_0.inst_dest_bin_reg_1_D (->0)
(->1568) msp430Inst_1.openmsp430_0.frontend_0.inst_dext_reg_1_D (->0)
(->2461) msp430Inst_1.openmsp430_0.frontend_0.inst_dext_reg_10_D (->1)
(->2407) msp430Inst_1.openmsp430_0.frontend_0.inst_dext_reg_11_D (->1)
(->1904) msp430Inst_1.openmsp430_0.frontend_0.inst_dext_reg_12_D (->1)
(->1455) msp430Inst_1.openmsp430_0.frontend_0.inst_dext_reg_15_D (->1)
(->1679) msp430Inst_1.openmsp430_0.frontend_0.inst_jmp_bin_reg_0_D (->1)
(->1699) msp430Inst_1.openmsp430_0.frontend_0.inst_jmp_bin_reg_1_D (->1)
(->1219) msp430Inst_1.openmsp430_0.frontend_0.inst_jmp_bin_reg_2_D (->1)
(->4140) msp430Inst_1.openmsp430_0.frontend_0.inst_mov_reg_D (->0)
(->2403->3577) msp430Inst_1.openmsp430_0.frontend_0.inst_sext_reg_0_D (->0->1)
(->2158->3561) msp430Inst_1.openmsp430_0.frontend_0.inst_sext_reg_1_D (->0->1)
(->2740->3416) msp430Inst_1.openmsp430_0.frontend_0.inst_sext_reg_2_D (->0->1)
(->2521->3667) msp430Inst_1.openmsp430_0.frontend_0.inst_sext_reg_3_D (->0->1)
(->1679) msp430Inst_1.openmsp430_0.frontend_0.inst_src_bin_reg_2_D (->1)
(->1699) msp430Inst_1.openmsp430_0.frontend_0.inst_src_bin_reg_3_D (->1)
(->5048) msp430Inst_1.openmsp430_0.frontend_0.inst_sz_reg_0_D (->0)
(->2338) msp430Inst_1.openmsp430_0.frontend_0.inst_type_reg_0_D (->0)
(->1354->2338->3819) msp430Inst_1.openmsp430_0.frontend_0.pc_reg_1_D (->1->0->1)
(->2641->4349) msp430Inst_1.openmsp430_0.mem_backbone_0.fe_pmem_en_dly_reg_D (->0->1)
(->236) msp430Inst_1.openmsp430_0.mem_backbone_0.pmem_dout_bckup_reg_1_D (->0)
(->211) msp430Inst_1.openmsp430_0.mem_backbone_0.pmem_dout_bckup_reg_10_D (->1)
(->211) msp430Inst_1.openmsp430_0.mem_backbone_0.pmem_dout_bckup_reg_11_D (->1)
(->211) msp430Inst_1.openmsp430_0.mem_backbone_0.pmem_dout_bckup_reg_12_D (->1)
(->211) msp430Inst_1.openmsp430_0.mem_backbone_0.pmem_dout_bckup_reg_15_D (->1)
