Cycle1256 648275000ps-648325000ps
(->654->969) testbench.chip.picosocInst_cpu.count_cycle_reg_3_D (->0->1)
(->486) testbench.chip.picosocInst_cpu.count_cycle_reg_0_D (->1)
(->1190->2354) testbench.chip.picosocInst_cpu.reg_pc_reg_2_D (->1->0)
(->4304) testbench.chip.picosocInst_cpu.reg_sh_reg_0_D (->1)
(->4888) testbench.chip.picosocInst_cpu.reg_sh_reg_1_D (->1)
(->718->1124) testbench.chip.picosocInst_cpu.count_instr_reg_0_D (->1->0)
(->3458) testbench.chip.picosocInst_cpu.cpu_state_reg_3_D (->1)
(->2885->3030) testbench.chip.picosocInst_cpu.cpu_state_reg_7_D (->1->0)
(->1485->1955->2681) testbench.chip.picosocInst_cpu.mem_do_rinst_reg_D (->1->0->1)
(->1736) testbench.chip.picosocInst_cpu.mem_state_reg_0_D (->1)
(->2932) testbench.chip.picosocInst_cpu.cpu_state_reg_5_D (->0)
(->782) testbench.chip.picosocInst_cpu.mem_instr_reg_D (->1)
(->1403) testbench.chip.picosocInst_cpu.mem_valid_reg_D (->1)
(->2239) testbench.chip.picosocInst_cpu.mem_addr_reg_11_D (->0)
(->3262) testbench.chip.picosocInst_cpu.mem_addr_reg_10_D (->1)
(->3262) testbench.chip.picosocInst_cpu.mem_addr_reg_9_D (->1)
(->2239->3262) testbench.chip.picosocInst_cpu.mem_addr_reg_8_D (->0->1)
(->2239) testbench.chip.picosocInst_cpu.mem_addr_reg_7_D (->0)
(->2239) testbench.chip.picosocInst_cpu.mem_addr_reg_6_D (->0)
(->3262) testbench.chip.picosocInst_cpu.mem_addr_reg_5_D (->1)
(->2239->3262) testbench.chip.picosocInst_cpu.mem_addr_reg_4_D (->0->1)
(->2239->3262) testbench.chip.picosocInst_cpu.mem_addr_reg_2_D (->0->1)
(->4304) testbench.chip.picosocInst_cpu.reg_op2_reg_0_D (->1)
(->2391) testbench.chip.picosocInst_cpu.reg_op1_reg_11_D (->0)
(->2391) testbench.chip.picosocInst_cpu.reg_op1_reg_8_D (->0)
(->2391) testbench.chip.picosocInst_cpu.reg_op1_reg_6_D (->0)
(->2391) testbench.chip.picosocInst_cpu.reg_op1_reg_4_D (->0)
(->2391->3435) testbench.chip.picosocInst_cpu.reg_op1_reg_2_D (->0->1)
(->2391) testbench.chip.picosocInst_cpu.reg_op1_reg_7_D (->0)
(->4912) testbench.chip.picosocInst_cpu.reg_op2_reg_1_D (->1)
(->1487->2672) testbench.chip.picosocInst_cpu.latched_branch_reg_D (->1->0)
(->2391) testbench.chip.picosocInst_cpu.reg_op1_reg_1_D (->0)
(->2391) testbench.chip.picosocInst_cpu.reg_op1_reg_0_D (->0)
